[?2004h]0;MINGW64:/c/Users/apoor
[32mapoorva@DESKTOP-LO88R84 [35mMINGW64 [33m~[36m[0m
$ cd C:\Users\apoor\OneDrive\Desktop\Tiger Office Files Important\shell-lesson-data
[?2004lbash: cd: too many arguments
[?2004h]0;MINGW64:/c/Users/apoor
[32mapoorva@DESKTOP-LO88R84 [35mMINGW64 [33m~[36m[0m
$ cd C:\Users\apoor\OneDrive\Desktop\Tiger Office Files Important\shell-lesson-data[K[K[K[K[K[K[K[K[K[K[K[K[K[K[K[K[K[K[K[K[K[K[K[K[K[K[K[K[K[K[K[K[K[K[K[K[K[K[K[K[K[K[K[K[K[K[K[K[K[K[K[K[K[K[K[K[K[K[K[K[K[K[K[K[K[K[K[K[K[K[K[K[K[K[K[K[K[K[K[K[K[?5h[?5l[?5h[?5l[?5h[?5l[?5h[?5l[?5h[?5l[?5h[?5l[?5h[?5l[?5h[?5l[?5h[?5l[?5h[?5l[?5h[?5l[?5h[?5lcd C:\Users\apoor\OneDrive\Desktop\TigerOfficeFilesImportant\shell-lesson-data
[?2004lbash: cd: C:UsersapoorOneDriveDesktopTigerOfficeFilesImportantshell-lesson-data: No such file or directory
[?2004h]0;MINGW64:/c/Users/apoor
[32mapoorva@DESKTOP-LO88R84 [35mMINGW64 [33m~[36m[0m
$ exec > /dev/tty 2>&1
[?2004l[?2004h]0;MINGW64:/c/Users/apoor
[32mapoorva@DESKTOP-LO88R84 [35mMINGW64 [33m~[36m[0m
$ ls
[?2004l3D Objects/
4.ML_models.ipynb
Adaboost/
Adaboost_cancer_prediction.ipynb
Algorithm+of+PCA+Demonstration.ipynb
Amazon Fine Food Reviews Analysis.ipynb
Amazon fine foods/
ankit_ai/
Ankits code/
ansel/
AppData/
Application Data@
Assignment 12  Tensorflow.ipynb
Assignment 12 Keras.ipynb
Assignment.ipynb
Assignment_1.ipynb
Betas+for+Logistic+Regression.ipynb
Binary search trees.ipynb
Boosting+-+TalkingData+Click+Fraud+.ipynb
broadcast data curation.ipynb
captcha_images_v2.zip
Character Recognition for capcha.ipynb
Churn_Modelling.csv
cluster_centers.JPG
cluster_regions.JPG
CNN_MNIST.ipynb
combined_text_output.txt
commands.txt
complaints.csv
Cookies@
cp
Dashboard 101 Data.ipynb
Dashboard 101 Media(Social Media).ipynb
data analysis.ipynb
data_import_final.ipynb
database.sqlite
Dataset.csv
day.csv
Decision_trees/
Documents/
Downloads/
dropoff_outliers.JPG
echo
EDA_on_StackOverflow_dataset.ipynb
EDA+and+RDS+EC2.ipynb
faiss_index.idx
file.txt
Flipkart_Web+Scraping_Graded_Question.ipynb
Games/
genpact test.ipynb
gradient decent/
helpful codes.ipynb
hour.csv
install_folium (1).JPG
install_folium.JPG
install_graphviz.JPG
install_xgboost.JPG
IntelGraphicsProfiles/
Investments.xlsx
Iris.csv
Keras_Mnist.ipynb
LinearRegression.ipynb
LIVE_2_Mathematical_Programming_Problems.ipynb
LIVE_3_More_Math_Programming_Problems.ipynb
LIVE_4_Strings_Regex.ipynb
LIVE_5_Strings_Regexes_II.ipynb
LIVE_6_DP_inbuilt_DS.ipynb
LIVE_OOP_Basics_II.ipynb
LIVE_OOP_Basics_Python_I.ipynb
LIVE-1_Python.ipynb
Local Settings@
logistic regression/
LSTM - Assignment.ipynb
LSTM amazon fine foods review.ipynb
LSTM_IMDB.ipynb
mapping.csv
Market_Basket_Optimisation.csv
MDC Data Analysis Notebook.ipynb
MicrosoftEdgeBackups/
Missing Value Check.ipynb
MLP_Tensorflow_drive.ipynb
MNIST_data/
My Documents@
mydask.png
naives bayes/
NCH Software Suite/
Netflix_Movie.ipynb
NetHood@
New folder/
New Text Document.txt
New_york.gif
nlp/
NTUSER.DAT
ntuser.dat.LOG1
ntuser.dat.LOG2
NTUSER.DAT{bfe55f4d-f52c-11ea-a00e-9401a718df6e}.TM.blf
NTUSER.DAT{bfe55f4d-f52c-11ea-a00e-9401a718df6e}.TMContainer00000000000000000001.regtrans-ms
NTUSER.DAT{bfe55f4d-f52c-11ea-a00e-9401a718df6e}.TMContainer00000000000000000002.regtrans-ms
ntuser.ini
NYC Final.ipynb
office work accenture/
OneDrive/
PCA/
PCA Demo I.ipynb
PersonalizedCancerDiagnosis.ipynb
Postman/
preprocessed_data.csv
PrintHood@
PycharmProjects/
python training .ipynb
Recent@
results.csv
rounds2.csv
Sapient.ipynb
scikit_learn_data/
SendTo@
Simple linear regression.csv
sn.txt
source/
StackOverFlow.ipynb
Start Menu@
SVM new/
talks.txt
Templates@
Tensorflow_Softmax_Classifier.ipynb
test.csv
test.ipynb
test1.csv
Time_series_analysis/
titanic .ipynb
titanic.csv
train_sample.csv
Transformer.ipynb
Untitled Folder/
Untitled Folder 1/
Untitled Folder 2/
Untitled Folder 3/
Untitled Folder 5/
Untitled.ipynb
Untitled1.ipynb
Untitled10.ipynb
Untitled11.ipynb
Untitled12.ipynb
Untitled13.ipynb
Untitled14.ipynb
Untitled15.ipynb
Untitled16.ipynb
Untitled17.ipynb
Untitled18.ipynb
Untitled19.ipynb
Untitled2.ipynb
Untitled20.ipynb
Untitled21.ipynb
Untitled22.ipynb
Untitled23.ipynb
Untitled24.ipynb
Untitled25.ipynb
Untitled26.ipynb
Untitled27.ipynb
Untitled28.ipynb
Untitled29.ipynb
Untitled3.ipynb
Untitled30.ipynb
Untitled31.ipynb
Untitled32.ipynb
Untitled33.ipynb
Untitled34.ipynb
Untitled35.ipynb
Untitled36.ipynb
Untitled37.ipynb
Untitled38.ipynb
Untitled39.ipynb
Untitled4.ipynb
Untitled40.ipynb
Untitled5.ipynb
Untitled6.ipynb
Untitled7.ipynb
Untitled8.ipynb
Untitled9.ipynb
Vaccine assignment.ipynb
walmart_regression_analysis.ipynb
Web+Scraping_imdb.ipynb
yellow_tripdata_2015-01.csv
[?2004h]0;MINGW64:/c/Users/apoor
[32mapoorva@DESKTOP-LO88R84 [35mMINGW64 [33m~[36m[0m
$ ls -F
[?2004l3D Objects/
4.ML_models.ipynb
Adaboost/
Adaboost_cancer_prediction.ipynb
Algorithm+of+PCA+Demonstration.ipynb
Amazon Fine Food Reviews Analysis.ipynb
Amazon fine foods/
ankit_ai/
Ankits code/
ansel/
AppData/
Application Data@
Assignment 12  Tensorflow.ipynb
Assignment 12 Keras.ipynb
Assignment.ipynb
Assignment_1.ipynb
Betas+for+Logistic+Regression.ipynb
Binary search trees.ipynb
Boosting+-+TalkingData+Click+Fraud+.ipynb
broadcast data curation.ipynb
captcha_images_v2.zip
Character Recognition for capcha.ipynb
Churn_Modelling.csv
cluster_centers.JPG
cluster_regions.JPG
CNN_MNIST.ipynb
combined_text_output.txt
commands.txt
complaints.csv
Cookies@
cp
Dashboard 101 Data.ipynb
Dashboard 101 Media(Social Media).ipynb
data analysis.ipynb
data_import_final.ipynb
database.sqlite
Dataset.csv
day.csv
Decision_trees/
Documents/
Downloads/
dropoff_outliers.JPG
echo
EDA_on_StackOverflow_dataset.ipynb
EDA+and+RDS+EC2.ipynb
faiss_index.idx
file.txt
Flipkart_Web+Scraping_Graded_Question.ipynb
Games/
genpact test.ipynb
gradient decent/
helpful codes.ipynb
hour.csv
install_folium (1).JPG
install_folium.JPG
install_graphviz.JPG
install_xgboost.JPG
IntelGraphicsProfiles/
Investments.xlsx
Iris.csv
Keras_Mnist.ipynb
LinearRegression.ipynb
LIVE_2_Mathematical_Programming_Problems.ipynb
LIVE_3_More_Math_Programming_Problems.ipynb
LIVE_4_Strings_Regex.ipynb
LIVE_5_Strings_Regexes_II.ipynb
LIVE_6_DP_inbuilt_DS.ipynb
LIVE_OOP_Basics_II.ipynb
LIVE_OOP_Basics_Python_I.ipynb
LIVE-1_Python.ipynb
Local Settings@
logistic regression/
LSTM - Assignment.ipynb
LSTM amazon fine foods review.ipynb
LSTM_IMDB.ipynb
mapping.csv
Market_Basket_Optimisation.csv
MDC Data Analysis Notebook.ipynb
MicrosoftEdgeBackups/
Missing Value Check.ipynb
MLP_Tensorflow_drive.ipynb
MNIST_data/
My Documents@
mydask.png
naives bayes/
NCH Software Suite/
Netflix_Movie.ipynb
NetHood@
New folder/
New Text Document.txt
New_york.gif
nlp/
NTUSER.DAT
ntuser.dat.LOG1
ntuser.dat.LOG2
NTUSER.DAT{bfe55f4d-f52c-11ea-a00e-9401a718df6e}.TM.blf
NTUSER.DAT{bfe55f4d-f52c-11ea-a00e-9401a718df6e}.TMContainer00000000000000000001.regtrans-ms
NTUSER.DAT{bfe55f4d-f52c-11ea-a00e-9401a718df6e}.TMContainer00000000000000000002.regtrans-ms
ntuser.ini
NYC Final.ipynb
office work accenture/
OneDrive/
PCA/
PCA Demo I.ipynb
PersonalizedCancerDiagnosis.ipynb
Postman/
preprocessed_data.csv
PrintHood@
PycharmProjects/
python training .ipynb
Recent@
results.csv
rounds2.csv
Sapient.ipynb
scikit_learn_data/
SendTo@
Simple linear regression.csv
sn.txt
source/
StackOverFlow.ipynb
Start Menu@
SVM new/
talks.txt
Templates@
Tensorflow_Softmax_Classifier.ipynb
test.csv
test.ipynb
test1.csv
Time_series_analysis/
titanic .ipynb
titanic.csv
train_sample.csv
Transformer.ipynb
Untitled Folder/
Untitled Folder 1/
Untitled Folder 2/
Untitled Folder 3/
Untitled Folder 5/
Untitled.ipynb
Untitled1.ipynb
Untitled10.ipynb
Untitled11.ipynb
Untitled12.ipynb
Untitled13.ipynb
Untitled14.ipynb
Untitled15.ipynb
Untitled16.ipynb
Untitled17.ipynb
Untitled18.ipynb
Untitled19.ipynb
Untitled2.ipynb
Untitled20.ipynb
Untitled21.ipynb
Untitled22.ipynb
Untitled23.ipynb
Untitled24.ipynb
Untitled25.ipynb
Untitled26.ipynb
Untitled27.ipynb
Untitled28.ipynb
Untitled29.ipynb
Untitled3.ipynb
Untitled30.ipynb
Untitled31.ipynb
Untitled32.ipynb
Untitled33.ipynb
Untitled34.ipynb
Untitled35.ipynb
Untitled36.ipynb
Untitled37.ipynb
Untitled38.ipynb
Untitled39.ipynb
Untitled4.ipynb
Untitled40.ipynb
Untitled5.ipynb
Untitled6.ipynb
Untitled7.ipynb
Untitled8.ipynb
Untitled9.ipynb
Vaccine assignment.ipynb
walmart_regression_analysis.ipynb
Web+Scraping_imdb.ipynb
yellow_tripdata_2015-01.csv
[?2004h]0;MINGW64:/c/Users/apoor
[32mapoorva@DESKTOP-LO88R84 [35mMINGW64 [33m~[36m[0m
$ ls-[K -help
[?2004lls: unknown option -- e
Try 'ls --help' for more information.
[?2004h]0;MINGW64:/c/Users/apoor
[32mapoorva@DESKTOP-LO88R84 [35mMINGW64 [33m~[36m[0m
$ ls -help[K[K[K[K[K--help
[?2004lUsage: ls [OPTION]... [FILE]...
List information about the FILEs (the current directory by default).
Sort entries alphabetically if none of -cftuvSUX nor --sort is specified.

Mandatory arguments to long options are mandatory for short options too.
  -a, --all                  do not ignore entries starting with .
  -A, --almost-all           do not list implied . and ..
      --author               with -l, print the author of each file
  -b, --escape               print C-style escapes for nongraphic characters
      --block-size=SIZE      with -l, scale sizes by SIZE when printing them;
                               e.g., '--block-size=M'; see SIZE format below
  -B, --ignore-backups       do not list implied entries ending with ~
  -c                         with -lt: sort by, and show, ctime (time of last
                               modification of file status information);
                               with -l: show ctime and sort by name;
                               otherwise: sort by ctime, newest first
  -C                         list entries by columns
      --color[=WHEN]         colorize the output; WHEN can be 'always' (default
                               if omitted), 'auto', or 'never'; more info below
  -d, --directory            list directories themselves, not their contents
  -D, --dired                generate output designed for Emacs' dired mode
  -f                         do not sort, enable -aU, disable -ls --color
  -F, --classify             append indicator (one of */=>@|) to entries
      --file-type            likewise, except do not append '*'
      --format=WORD          across -x, commas -m, horizontal -x, long -l,
                               single-column -1, verbose -l, vertical -C
      --full-time            like -l --time-style=full-iso
  -g                         like -l, but do not list owner
      --group-directories-first
                             group directories before files;
                               can be augmented with a --sort option, but any
                               use of --sort=none (-U) disables grouping
  -G, --no-group             in a long listing, don't print group names
  -h, --human-readable       with -l and -s, print sizes like 1K 234M 2G etc.
      --si                   likewise, but use powers of 1000 not 1024
  -H, --dereference-command-line
                             follow symbolic links listed on the command line
      --dereference-command-line-symlink-to-dir
                             follow each command line symbolic link
                               that points to a directory
      --hide=PATTERN         do not list implied entries matching shell PATTERN
                               (overridden by -a or -A)
      --hyperlink[=WHEN]     hyperlink file names; WHEN can be 'always'
                               (default if omitted), 'auto', or 'never'
      --indicator-style=WORD  append indicator with style WORD to entry names:
                               none (default), slash (-p),
                               file-type (--file-type), classify (-F)
  -i, --inode                print the index number of each file
  -I, --ignore=PATTERN       do not list implied entries matching shell PATTERN
  -k, --kibibytes            default to 1024-byte blocks for disk usage;
                               used only with -s and per directory totals
  -l                         use a long listing format
  -L, --dereference          when showing file information for a symbolic
                               link, show information for the file the link
                               references rather than for the link itself
  -m                         fill width with a comma separated list of entries
  -n, --numeric-uid-gid      like -l, but list numeric user and group IDs
  -N, --literal              print entry names without quoting
  -o                         like -l, but do not list group information
  -p, --indicator-style=slash
                             append / indicator to directories
  -q, --hide-control-chars   print ? instead of nongraphic characters
      --show-control-chars   show nongraphic characters as-is (the default,
                               unless program is 'ls' and output is a terminal)
  -Q, --quote-name           enclose entry names in double quotes
      --quoting-style=WORD   use quoting style WORD for entry names:
                               literal, locale, shell, shell-always,
                               shell-escape, shell-escape-always, c, escape
                               (overrides QUOTING_STYLE environment variable)
  -r, --reverse              reverse order while sorting
  -R, --recursive            list subdirectories recursively
  -s, --size                 print the allocated size of each file, in blocks
  -S                         sort by file size, largest first
      --sort=WORD            sort by WORD instead of name: none (-U), size (-S),
                               time (-t), version (-v), extension (-X)
      --time=WORD            change the default of using modification times;
                               access time (-u): atime, access, use;
                               change time (-c): ctime, status;
                               birth time: birth, creation;
                             with -l, WORD determines which time to show;
                             with --sort=time, sort by WORD (newest first)
      --time-style=TIME_STYLE  time/date format with -l; see TIME_STYLE below
  -t                         sort by time, newest first; see --time
  -T, --tabsize=COLS         assume tab stops at each COLS instead of 8
  -u                         with -lt: sort by, and show, access time;
                               with -l: show access time and sort by name;
                               otherwise: sort by access time, newest first
  -U                         do not sort; list entries in directory order
  -v                         natural sort of (version) numbers within text
  -w, --width=COLS           set output width to COLS.  0 means no limit
  -x                         list entries by lines instead of by columns
  -X                         sort alphabetically by entry extension
  -Z, --context              print any security context of each file
  -1                         list one file per line.  Avoid '\n' with -q or -b
      --append-exe           append .exe if cygwin magic was needed
      --help     display this help and exit
      --version  output version information and exit

The SIZE argument is an integer and optional unit (example: 10K is 10*1024).
Units are K,M,G,T,P,E,Z,Y (powers of 1024) or KB,MB,... (powers of 1000).
Binary prefixes can be used, too: KiB=K, MiB=M, and so on.

The TIME_STYLE argument can be full-iso, long-iso, iso, locale, or +FORMAT.
FORMAT is interpreted like in date(1).  If FORMAT is FORMAT1<newline>FORMAT2,
then FORMAT1 applies to non-recent files and FORMAT2 to recent files.
TIME_STYLE prefixed with 'posix-' takes effect only outside the POSIX locale.
Also the TIME_STYLE environment variable sets the default style to use.

Using color to distinguish file types is disabled both by default and
with --color=never.  With --color=auto, ls emits color codes only when
standard output is connected to a terminal.  The LS_COLORS environment
variable can change the settings.  Use the dircolors command to set it.

Exit status:
 0  if OK,
 1  if minor problems (e.g., cannot access subdirectory),
 2  if serious trouble (e.g., cannot access command-line argument).

GNU coreutils online help: <https://www.gnu.org/software/coreutils/>
Full documentation <https://www.gnu.org/software/coreutils/ls>
or available locally via: info '(coreutils) ls invocation'
[?2004h]0;MINGW64:/c/Users/apoor
[32mapoorva@DESKTOP-LO88R84 [35mMINGW64 [33m~[36m[0m
$ cd C:\Users\apoor\OneDrive\Desktop\TigerOfficeFilesImportant\shell-lesson-data
[?2004lbash: cd: C:UsersapoorOneDriveDesktopTigerOfficeFilesImportantshell-lesson-data: No such file or directory
[?2004h]0;MINGW64:/c/Users/apoor
[32mapoorva@DESKTOP-LO88R84 [35mMINGW64 [33m~[36m[0m
$ pwd
[?2004l/c/Users/apoor
[?2004h]0;MINGW64:/c/Users/apoor
[32mapoorva@DESKTOP-LO88R84 [35mMINGW64 [33m~[36m[0m
$ cd OneDrive\Desktop\TigerOfficeFilesImportant\shell-lesson-data
[?2004lbash: cd: OneDriveDesktopTigerOfficeFilesImportantshell-lesson-data: No such file or directory
[?2004h]0;MINGW64:/c/Users/apoor
[32mapoorva@DESKTOP-LO88R84 [35mMINGW64 [33m~[36m[0m
$ cd TigerOfficeFilesImportant
[?2004l[?2004h]0;MINGW64:/c/Users/apoor/TigerOfficeFilesImportant
[32mapoorva@DESKTOP-LO88R84 [35mMINGW64 [33m~/TigerOfficeFilesImportant[36m[0m
$ ls
[?2004lshell-lesson-data/
shell-lesson-data.zip
[?2004h]0;MINGW64:/c/Users/apoor/TigerOfficeFilesImportant
[32mapoorva@DESKTOP-LO88R84 [35mMINGW64 [33m~/TigerOfficeFilesImportant[36m[0m
$ cd C:\Users\apoor\TigerOfficeFilesImportant\shell-lesson-data\exercise-data\alkanes
[?2004lbash: cd: C:UsersapoorTigerOfficeFilesImportantshell-lesson-dataexercise-dataalkanes: No such file or directory
[?2004h]0;MINGW64:/c/Users/apoor/TigerOfficeFilesImportant
[32mapoorva@DESKTOP-LO88R84 [35mMINGW64 [33m~/TigerOfficeFilesImportant[36m[0m
$ cd C:\Users\apoor\TigerOfficeFilesImportant\shell-lesson-data\exercise-data\alkanes
[?2004lbash: cd: C:UsersapoorTigerOfficeFilesImportantshell-lesson-dataexercise-dataalkanes: No such file or directory
[?2004h]0;MINGW64:/c/Users/apoor/TigerOfficeFilesImportant
[32mapoorva@DESKTOP-LO88R84 [35mMINGW64 [33m~/TigerOfficeFilesImportant[36m[0m
$ cd \shell-lesson-data\exercise-data\alkanes
[?2004lbash: cd: shell-lesson-dataexercise-dataalkanes: No such file or directory
[?2004h]0;MINGW64:/c/Users/apoor/TigerOfficeFilesImportant
[32mapoorva@DESKTOP-LO88R84 [35mMINGW64 [33m~/TigerOfficeFilesImportant[36m[0m
$ cd shell-lesson-data\exercise-data
[?2004lbash: cd: shell-lesson-dataexercise-data: No such file or directory
[?2004h]0;MINGW64:/c/Users/apoor/TigerOfficeFilesImportant
[32mapoorva@DESKTOP-LO88R84 [35mMINGW64 [33m~/TigerOfficeFilesImportant[36m[0m
$ ls
[?2004lshell-lesson-data/
shell-lesson-data.zip
[?2004h]0;MINGW64:/c/Users/apoor/TigerOfficeFilesImportant
[32mapoorva@DESKTOP-LO88R84 [35mMINGW64 [33m~/TigerOfficeFilesImportant[36m[0m
$ cd s[?5h[?5lhell-lesson-data[?5h[?5l
[?2004l[?2004h]0;MINGW64:/c/Users/apoor/TigerOfficeFilesImportant/shell-lesson-data
[32mapoorva@DESKTOP-LO88R84 [35mMINGW64 [33m~/TigerOfficeFilesImportant/shell-lesson-data[36m[0m
$ cd exercise-data/
[?2004l[?2004h]0;MINGW64:/c/Users/apoor/TigerOfficeFilesImportant/shell-lesson-data/exercise-data
[32mapoorva@DESKTOP-LO88R84 [35mMINGW64 [33m~/TigerOfficeFilesImportant/shell-lesson-data/exercise-data[36m[0m
$ ls
[?2004lalkanes/
animal-counts/
creatures/
numbers.txt
writing/
[?2004h]0;MINGW64:/c/Users/apoor/TigerOfficeFilesImportant/shell-lesson-data/exercise-data
[32mapoorva@DESKTOP-LO88R84 [35mMINGW64 [33m~/TigerOfficeFilesImportant/shell-lesson-data/exercise-data[36m[0m
$ cd[Kc[Kd sa[K[Ka[?5h[?5l
alkanes/       animal-counts/ 
]0;MINGW64:/c/Users/apoor/TigerOfficeFilesImportant/shell-lesson-data/exercise-data
[32mapoorva@DESKTOP-LO88R84 [35mMINGW64 [33m~/TigerOfficeFilesImportant/shell-lesson-data/exercise-data[36m[0m
$ cd alkanes/
[?2004l[?2004h]0;MINGW64:/c/Users/apoor/TigerOfficeFilesImportant/shell-lesson-data/exercise-data/alkanes
[32mapoorva@DESKTOP-LO88R84 [35mMINGW64 [33m~/TigerOfficeFilesImportant/shell-lesson-data/exercise-data/alkanes[36m[0m
$ ls
[?2004lcubane.pdb
ethane.pdb
methane.pdb
octane.pdb
pentane.pdb
propane.pdb
[?2004h]0;MINGW64:/c/Users/apoor/TigerOfficeFilesImportant/shell-lesson-data/exercise-data/alkanes
[32mapoorva@DESKTOP-LO88R84 [35mMINGW64 [33m~/TigerOfficeFilesImportant/shell-lesson-data/exercise-data/alkanes[36m[0m
$ ls-[K[K[Kcd ../[K
[?2004l[?2004h]0;MINGW64:/c/Users/apoor/TigerOfficeFilesImportant/shell-lesson-data/exercise-data
[32mapoorva@DESKTOP-LO88R84 [35mMINGW64 [33m~/TigerOfficeFilesImportant/shell-lesson-data/exercise-data[36m[0m
$ ls
[?2004lalkanes/
animal-counts/
creatures/
numbers.txt
writing/
[?2004h]0;MINGW64:/c/Users/apoor/TigerOfficeFilesImportant/shell-lesson-data/exercise-data
[32mapoorva@DESKTOP-LO88R84 [35mMINGW64 [33m~/TigerOfficeFilesImportant/shell-lesson-data/exercise-data[36m[0m
$ ls -a
[?2004l./
../
alkanes/
animal-counts/
creatures/
numbers.txt
writing/
[?2004h]0;MINGW64:/c/Users/apoor/TigerOfficeFilesImportant/shell-lesson-data/exercise-data
[32mapoorva@DESKTOP-LO88R84 [35mMINGW64 [33m~/TigerOfficeFilesImportant/shell-lesson-data/exercise-data[36m[0m
$ ls --A
[?2004lls: unknown option -- A
Try 'ls --help' for more information.
[?2004h]0;MINGW64:/c/Users/apoor/TigerOfficeFilesImportant/shell-lesson-data/exercise-data
[32mapoorva@DESKTOP-LO88R84 [35mMINGW64 [33m~/TigerOfficeFilesImportant/shell-lesson-data/exercise-data[36m[0m
$ cd ../,,[K[K..'[K/
[?2004l[?2004h]0;MINGW64:/c/Users/apoor/TigerOfficeFilesImportant
[32mapoorva@DESKTOP-LO88R84 [35mMINGW64 [33m~/TigerOfficeFilesImportant[36m[0m
$ ls -F -a
[?2004l./
../
shell-lesson-data/
shell-lesson-data.zip
[?2004h]0;MINGW64:/c/Users/apoor/TigerOfficeFilesImportant
[32mapoorva@DESKTOP-LO88R84 [35mMINGW64 [33m~/TigerOfficeFilesImportant[36m[0m
$ cd _[K~/
[?2004l[?2004h]0;MINGW64:/c/Users/apoor
[32mapoorva@DESKTOP-LO88R84 [35mMINGW64 [33m~[36m[0m
$ sl[K[Kls
[?2004l3D Objects/
4.ML_models.ipynb
Adaboost/
Adaboost_cancer_prediction.ipynb
Algorithm+of+PCA+Demonstration.ipynb
Amazon Fine Food Reviews Analysis.ipynb
Amazon fine foods/
ankit_ai/
Ankits code/
ansel/
AppData/
Application Data@
Assignment 12  Tensorflow.ipynb
Assignment 12 Keras.ipynb
Assignment.ipynb
Assignment_1.ipynb
Betas+for+Logistic+Regression.ipynb
Binary search trees.ipynb
Boosting+-+TalkingData+Click+Fraud+.ipynb
broadcast data curation.ipynb
captcha_images_v2.zip
Character Recognition for capcha.ipynb
Churn_Modelling.csv
cluster_centers.JPG
cluster_regions.JPG
CNN_MNIST.ipynb
combined_text_output.txt
commands.txt
complaints.csv
Cookies@
cp
Dashboard 101 Data.ipynb
Dashboard 101 Media(Social Media).ipynb
data analysis.ipynb
data_import_final.ipynb
database.sqlite
Dataset.csv
day.csv
Decision_trees/
Documents/
Downloads/
dropoff_outliers.JPG
echo
EDA_on_StackOverflow_dataset.ipynb
EDA+and+RDS+EC2.ipynb
faiss_index.idx
file.txt
Flipkart_Web+Scraping_Graded_Question.ipynb
Games/
genpact test.ipynb
gradient decent/
helpful codes.ipynb
hour.csv
install_folium (1).JPG
install_folium.JPG
install_graphviz.JPG
install_xgboost.JPG
IntelGraphicsProfiles/
Investments.xlsx
Iris.csv
Keras_Mnist.ipynb
LinearRegression.ipynb
LIVE_2_Mathematical_Programming_Problems.ipynb
LIVE_3_More_Math_Programming_Problems.ipynb
LIVE_4_Strings_Regex.ipynb
LIVE_5_Strings_Regexes_II.ipynb
LIVE_6_DP_inbuilt_DS.ipynb
LIVE_OOP_Basics_II.ipynb
LIVE_OOP_Basics_Python_I.ipynb
LIVE-1_Python.ipynb
Local Settings@
logistic regression/
LSTM - Assignment.ipynb
LSTM amazon fine foods review.ipynb
LSTM_IMDB.ipynb
mapping.csv
Market_Basket_Optimisation.csv
MDC Data Analysis Notebook.ipynb
MicrosoftEdgeBackups/
Missing Value Check.ipynb
MLP_Tensorflow_drive.ipynb
MNIST_data/
My Documents@
mydask.png
naives bayes/
NCH Software Suite/
Netflix_Movie.ipynb
NetHood@
New folder/
New Text Document.txt
New_york.gif
nlp/
NTUSER.DAT
ntuser.dat.LOG1
ntuser.dat.LOG2
NTUSER.DAT{bfe55f4d-f52c-11ea-a00e-9401a718df6e}.TM.blf
NTUSER.DAT{bfe55f4d-f52c-11ea-a00e-9401a718df6e}.TMContainer00000000000000000001.regtrans-ms
NTUSER.DAT{bfe55f4d-f52c-11ea-a00e-9401a718df6e}.TMContainer00000000000000000002.regtrans-ms
ntuser.ini
NYC Final.ipynb
office work accenture/
OneDrive/
PCA/
PCA Demo I.ipynb
PersonalizedCancerDiagnosis.ipynb
Postman/
preprocessed_data.csv
PrintHood@
PycharmProjects/
python training .ipynb
Recent@
results.csv
rounds2.csv
Sapient.ipynb
scikit_learn_data/
SendTo@
Simple linear regression.csv
sn.txt
source/
StackOverFlow.ipynb
Start Menu@
SVM new/
talks.txt
Templates@
Tensorflow_Softmax_Classifier.ipynb
test.csv
test.ipynb
test1.csv
TigerOfficeFilesImportant/
Time_series_analysis/
titanic .ipynb
titanic.csv
train_sample.csv
Transformer.ipynb
Untitled Folder/
Untitled Folder 1/
Untitled Folder 2/
Untitled Folder 3/
Untitled Folder 5/
Untitled.ipynb
Untitled1.ipynb
Untitled10.ipynb
Untitled11.ipynb
Untitled12.ipynb
Untitled13.ipynb
Untitled14.ipynb
Untitled15.ipynb
Untitled16.ipynb
Untitled17.ipynb
Untitled18.ipynb
Untitled19.ipynb
Untitled2.ipynb
Untitled20.ipynb
Untitled21.ipynb
Untitled22.ipynb
Untitled23.ipynb
Untitled24.ipynb
Untitled25.ipynb
Untitled26.ipynb
Untitled27.ipynb
Untitled28.ipynb
Untitled29.ipynb
Untitled3.ipynb
Untitled30.ipynb
Untitled31.ipynb
Untitled32.ipynb
Untitled33.ipynb
Untitled34.ipynb
Untitled35.ipynb
Untitled36.ipynb
Untitled37.ipynb
Untitled38.ipynb
Untitled39.ipynb
Untitled4.ipynb
Untitled40.ipynb
Untitled5.ipynb
Untitled6.ipynb
Untitled7.ipynb
Untitled8.ipynb
Untitled9.ipynb
Vaccine assignment.ipynb
walmart_regression_analysis.ipynb
Web+Scraping_imdb.ipynb
yellow_tripdata_2015-01.csv
[?2004h]0;MINGW64:/c/Users/apoor
[32mapoorva@DESKTOP-LO88R84 [35mMINGW64 [33m~[36m[0m
$ cd ti[?5h[?5l
TigerOfficeFilesImportant/ Time_series_analysis/      titanic .ipynb             titanic.csv
]0;MINGW64:/c/Users/apoor
[32mapoorva@DESKTOP-LO88R84 [35mMINGW64 [33m~[36m[0m
$ cd tigerTigerOfficeFilesImportant/e[Ks[?5h[?5lhell-lesson-data
[?2004l[?2004h]0;MINGW64:/c/Users/apoor/TigerOfficeFilesImportant/shell-lesson-data
[32mapoorva@DESKTOP-LO88R84 [35mMINGW64 [33m~/TigerOfficeFilesImportant/shell-lesson-data[36m[0m
$ [K$ [K$ [K$ [K$ [K$ [K$ [K$ [K$ [K$ [K$ [K$ [K$ [K$ [K$ [K$ [K$ [K$ [K$ [K$ [K$ [K$ [K$ [K$ [K$ [K$ [K$ [K$ [K$ [K$ ks[K[Kls -r
[?2004lnorth-pacific-gyre/
Git-2.47.0.2-64-bit.exe*
exercise-data/
[?2004h]0;MINGW64:/c/Users/apoor/TigerOfficeFilesImportant/shell-lesson-data
[32mapoorva@DESKTOP-LO88R84 [35mMINGW64 [33m~/TigerOfficeFilesImportant/shell-lesson-data[36m[0m
$ ls - [Krf
[?2004l./
../
exercise-data/
Git-2.47.0.2-64-bit.exe*
north-pacific-gyre/
[?2004h]0;MINGW64:/c/Users/apoor/TigerOfficeFilesImportant/shell-lesson-data
[32mapoorva@DESKTOP-LO88R84 [35mMINGW64 [33m~/TigerOfficeFilesImportant/shell-lesson-data[36m[0m
$ d[Kkdir [K[K[K[K[Kmkdir [K thesis
[?2004l[?2004h]0;MINGW64:/c/Users/apoor/TigerOfficeFilesImportant/shell-lesson-data
[32mapoorva@DESKTOP-LO88R84 [35mMINGW64 [33m~/TigerOfficeFilesImportant/shell-lesson-data[36m[0m
$ cd [K[K[Kls
[?2004lexercise-data/
Git-2.47.0.2-64-bit.exe*
north-pacific-gyre/
thesis/
[?2004h]0;MINGW64:/c/Users/apoor/TigerOfficeFilesImportant/shell-lesson-data
[32mapoorva@DESKTOP-LO88R84 [35mMINGW64 [33m~/TigerOfficeFilesImportant/shell-lesson-data[36m[0m
$ cd exercise-data/
[?2004l[?2004h]0;MINGW64:/c/Users/apoor/TigerOfficeFilesImportant/shell-lesson-data/exercise-data
[32mapoorva@DESKTOP-LO88R84 [35mMINGW64 [33m~/TigerOfficeFilesImportant/shell-lesson-data/exercise-data[36m[0m
$ ls
[?2004lalkanes/
animal-counts/
creatures/
numbers.txt
writing/
[?2004h]0;MINGW64:/c/Users/apoor/TigerOfficeFilesImportant/shell-lesson-data/exercise-data
[32mapoorva@DESKTOP-LO88R84 [35mMINGW64 [33m~/TigerOfficeFilesImportant/shell-lesson-data/exercise-data[36m[0m
$ cd writing/
[?2004l[?2004h]0;MINGW64:/c/Users/apoor/TigerOfficeFilesImportant/shell-lesson-data/exercise-data/writing
[32mapoorva@DESKTOP-LO88R84 [35mMINGW64 [33m~/TigerOfficeFilesImportant/shell-lesson-data/exercise-data/writing[36m[0m
$ ls
[?2004lhaiku.txt
LittleWomen.txt
[?2004h]0;MINGW64:/c/Users/apoor/TigerOfficeFilesImportant/shell-lesson-data/exercise-data/writing
[32mapoorva@DESKTOP-LO88R84 [35mMINGW64 [33m~/TigerOfficeFilesImportant/shell-lesson-data/exercise-data/writing[36m[0m
$ mkdir thesis
[?2004l[?2004h]0;MINGW64:/c/Users/apoor/TigerOfficeFilesImportant/shell-lesson-data/exercise-data/writing
[32mapoorva@DESKTOP-LO88R84 [35mMINGW64 [33m~/TigerOfficeFilesImportant/shell-lesson-data/exercise-data/writing[36m[0m
$ ls
[?2004lhaiku.txt
LittleWomen.txt
thesis/
[?2004h]0;MINGW64:/c/Users/apoor/TigerOfficeFilesImportant/shell-lesson-data/exercise-data/writing
[32mapoorva@DESKTOP-LO88R84 [35mMINGW64 [33m~/TigerOfficeFilesImportant/shell-lesson-data/exercise-data/writing[36m[0m
$ [K$ [K$ [K$ [K$ [K$ [K$ [K$ [K$ [K$ [K$ [K$ [K$ [K$ [K$ [K$ mkdir thesis[K[K[K[K[K[Kproject/thesis project [K2/thesis
[?2004lmkdir: cannot create directory â€˜project/thesisâ€™: No such file or directory
mkdir: cannot create directory â€˜project2/thesisâ€™: No such file or directory
[?2004h]0;MINGW64:/c/Users/apoor/TigerOfficeFilesImportant/shell-lesson-data/exercise-data/writing
[32mapoorva@DESKTOP-LO88R84 [35mMINGW64 [33m~/TigerOfficeFilesImportant/shell-lesson-data/exercise-data/writing[36m[0m
$ mkdir project/thesis project2/thesis[C. project2/thesis. project2/thesis/ project2/thesis0 project2/thesis[1P project2/thesis[C[1Pproject2/thesis ../project2/thesis[1@.[1@.[1@/[C[C[K[?5h[?5lmkdir../ project/thesis ../project2/thesis[1@ [C[C[C[C[1P
[?2004lmkdir: cannot create directory â€˜../project/thesisâ€™: No such file or directory
mkdir: cannot create directory â€˜../project2/thesisâ€™: No such file or directory
[?2004h]0;MINGW64:/c/Users/apoor/TigerOfficeFilesImportant/shell-lesson-data/exercise-data/writing
[32mapoorva@DESKTOP-LO88R84 [35mMINGW64 [33m~/TigerOfficeFilesImportant/shell-lesson-data/exercise-data/writing[36m[0m
$ ls
[?2004lhaiku.txt
LittleWomen.txt
thesis/
[?2004h]0;MINGW64:/c/Users/apoor/TigerOfficeFilesImportant/shell-lesson-data/exercise-data/writing
[32mapoorva@DESKTOP-LO88R84 [35mMINGW64 [33m~/TigerOfficeFilesImportant/shell-lesson-data/exercise-data/writing[36m[0m
$ mklsmkdir ../project/thesis ../project2/thesis[C[C[1@ [1@-[1@p
[?2004l[?2004h]0;MINGW64:/c/Users/apoor/TigerOfficeFilesImportant/shell-lesson-data/exercise-data/writing
[32mapoorva@DESKTOP-LO88R84 [35mMINGW64 [33m~/TigerOfficeFilesImportant/shell-lesson-data/exercise-data/writing[36m[0m
$ cd thesis
[?2004l[?2004h]0;MINGW64:/c/Users/apoor/TigerOfficeFilesImportant/shell-lesson-data/exercise-data/writing/thesis
[32mapoorva@DESKTOP-LO88R84 [35mMINGW64 [33m~/TigerOfficeFilesImportant/shell-lesson-data/exercise-data/writing/thesis[36m[0m
$ nanp[Ko draft.txt
[?2004l[?2004h[?1049h[22;0;0t[1;24r(B[m[4l[?7h[39;49m[?1h=[?1h=[?25l[39;49m(B[m[H[2J[22;35H(B[0;1m[37m[42m[ New File ][39;49m(B[m[H(B[0;1m[37m[44m  GNU nano 8.2[23X[1;38Hdraft.txt[K[79G[39;49m(B[m[23d[36m^G[39m(B[m [32mHelp[14G[36m^O[39m(B[m [32mWrite Out[39m(B[m [36m^F[39m(B[m [32mWhere Is[39m(B[m  [36m^K[39m(B[m [32mCut[53G[36m^T[39m(B[m [32mExecute[39m(B[m   [36m^C[39m(B[m [32mLocation[24d[36m^X[39m(B[m [32mExit[14G[36m^R[39m(B[m [32mRead File[39m(B[m [36m^\[39m(B[m [32mReplace[39m(B[m   [36m^U[39m(B[m [32mPaste[39m(B[m     [36m^J[39m(B[m [32mJustify[39m(B[m   [36m^/[39m(B[m [32mGo To Line[39m(B[m[2d[?12l[?25h[?25l[1;71H(B[0;1m[37m[44mModified[22d[39;49m(B[m[K[1;79H[22;29H(B[0;1m[37m[42m[ Justified paragraph ][39;49m(B[m[2dits not publish of perish anymore its share and thrive[3d[?12l[?25h[?25l[22d[97m[100mSave modified buffer?[K[23d[39;49m[36m Y[39m(B[m [32mYes[39m(B[m[K[24d[36m N[39m(B[m [32mNo[39m(B[m  [14G   [36m^C[39m(B[m [32mCancel[39m(B[m[K[22;23H[?12l[?25h[?25l[23d[36m^G[39m(B[m [32mHelp[23;21H[36mM-D[39m(B[m [32mDOS Format[41G[36mM-A[39m(B[m [32mAppend[23;61H[36mM-B[39m(B[m [32mBackup File[24d[36m^C[39m(B[m [32mCancel[17G[39m(B[m    [36mM-M[39m(B[m [32mMac Format[41G[36mM-P[39m(B[m [32mPrepend[24;61H[36m^T[39m(B[m [32mBrowse[39m(B[m[22d[97m[100mFile Name to Write: draft.txt[39;49m(B[m[?12l[?25h[?25l[?12l[?25h[?25l[?12l[?25h[?25l[?12l[?25h[?25l[?12l[?25h[?25l[?12l[?25h[?25l[?12l[?25h[?25l[?12l[?25h[?25l[?12l[?25h[?25l[?12l[?25h[?25l   [1K (B[0;1m[37m[42m[ Cancelled ][39;49m(B[m[K[23;14H[36m^O[39m(B[m [32mWrite Out[39m(B[m [36m^F[39m(B[m [32mWhere Is[39m(B[m  [36m^K[39m(B[m [32mCut[39m(B[m       [36m^T[39m(B[m [32mExecute[39m(B[m   [36m^C[39m(B[m [32mLocation[24;2H[36mX[39m(B[m [32mExit[39m(B[m      [36m^R[39m(B[m [32mRead File[39m(B[m [36m^\[39m(B[m [32mReplace[39m(B[m   [36m^U[39m(B[m [32mPaste[39m(B[m     [36m^J[39m(B[m [32mJustify[39m(B[m   [36m^/[39m(B[m [32mGo To Line[39m(B[m[3d[?12l[?25h[?25l[22;29H(B[0;1m[37m[42m[ Justified paragraph ][39;49m(B[m[2;56Hx[3d[?12l[?25h[?25l[22d[97m[100mSave modified buffer?[K[23d[39;49m[36m Y[39m(B[m [32mYes[39m(B[m[K[24d[36m N[39m(B[m [32mNo[39m(B[m  [14G   [36m^C[39m(B[m [32mCancel[39m(B[m[K[22;23H[?12l[?25h[?25l[J[24d[?12l[?25h[24;1H[?1049l[23;0;0t[?1l>[?2004l[?2004h]0;MINGW64:/c/Users/apoor/TigerOfficeFilesImportant/shell-lesson-data/exercise-data/writing/thesis
[32mapoorva@DESKTOP-LO88R84 [35mMINGW64 [33m~/TigerOfficeFilesImportant/shell-lesson-data/exercise-data/writing/thesis[36m[0m
$ cd
[?2004l[?2004h]0;MINGW64:/c/Users/apoor
[32mapoorva@DESKTOP-LO88R84 [35mMINGW64 [33m~[36m[0m
$ nano draft.txt
[?2004l[?2004h[?1049h[22;0;0t[1;24r(B[m[4l[?7h[39;49m[?1h=[?1h=[?25l[39;49m(B[m[H[2J[22;35H(B[0;1m[37m[42m[ New File ][39;49m(B[m[H(B[0;1m[37m[44m  GNU nano 8.2[23X[1;38Hdraft.txt[K[79G[39;49m(B[m[23d[36m^G[39m(B[m [32mHelp[14G[36m^O[39m(B[m [32mWrite Out[39m(B[m [36m^F[39m(B[m [32mWhere Is[39m(B[m  [36m^K[39m(B[m [32mCut[53G[36m^T[39m(B[m [32mExecute[39m(B[m   [36m^C[39m(B[m [32mLocation[24d[36m^X[39m(B[m [32mExit[14G[36m^R[39m(B[m [32mRead File[39m(B[m [36m^\[39m(B[m [32mReplace[39m(B[m   [36m^U[39m(B[m [32mPaste[39m(B[m     [36m^J[39m(B[m [32mJustify[39m(B[m   [36m^/[39m(B[m [32mGo To Line[39m(B[m[2d[?12l[?25h[?25l[1;71H(B[0;1m[37m[44mModified[39;49m(B[m[23;14H       [36mM-D[39m(B[m [32mDOS Format[39m(B[m      [36mM-A[39m(B[m [32mAppend[39m(B[m          [36mM-B[39m(B[m [32mBackup File[39m(B[m[K[24;2H[36mC[39m(B[m [32mCancel[39m(B[m           [36mM-M[39m(B[m [32mMac Format[39m(B[m      [36mM-P[39m(B[m [32mPrepend[39m(B[m         [36m^T[39m(B[m [32mBrowse[39m(B[m[K[22d[97m[100mFile Name to Write: draft.txt[K[39;49m(B[m[?12l[?25h[?25l[?12l[?25h[?25l   [1K (B[0;1m[37m[42m[ Cancelled ][39;49m(B[m[K[23;14H[36m^O[39m(B[m [32mWrite Out[39m(B[m [36m^F[39m(B[m [32mWhere Is[39m(B[m  [36m^K[39m(B[m [32mCut[39m(B[m       [36m^T[39m(B[m [32mExecute[39m(B[m   [36m^C[39m(B[m [32mLocation[24;2H[36mX[39m(B[m [32mExit[39m(B[m      [36m^R[39m(B[m [32mRead File[39m(B[m [36m^\[39m(B[m [32mReplace[39m(B[m   [36m^U[39m(B[m [32mPaste[39m(B[m     [36m^J[39m(B[m [32mJustify[39m(B[m   [36m^/[39m(B[m [32mGo To Line[39m(B[m[22;29H(B[0;1m[37m[42m[ Justified paragraph ][39;49m(B[m[2dsjsjs[3d[?12l[?25h[?25l[22d[97m[100mSave modified buffer?[K[23d[39;49m[36m Y[39m(B[m [32mYes[39m(B[m[K[24d[36m N[39m(B[m [32mNo[39m(B[m  [14G   [36m^C[39m(B[m [32mCancel[39m(B[m[K[22;23H[?12l[?25h[?25l[22;33H[1K (B[0;1m[37m[42m[ Cancelled ][39;49m(B[m[K[23d[36m^G[39m(B[m [32mHelp[14G[36m^O[39m(B[m [32mWrite Out[39m(B[m [36m^F[39m(B[m [32mWhere Is[39m(B[m  [36m^K[39m(B[m [32mCut[53G[36m^T[39m(B[m [32mExecute[39m(B[m   [36m^C[39m(B[m [32mLocation[24d[36m^X[39m(B[m [32mExit[14G[36m^R[39m(B[m [32mRead File[39m(B[m [36m^\[39m(B[m [32mReplace[39m(B[m   [36m^U[39m(B[m [32mPaste[39m(B[m     [36m^J[39m(B[m [32mJustify[39m(B[m   [36m^/[39m(B[m [32mGo To Line[39m(B[m[3d[?12l[?25h[?25l[22d[97m[100mSave modified buffer?[K[23d[39;49m[36m Y[39m(B[m [32mYes[39m(B[m[K[24d[36m N[39m(B[m [32mNo[39m(B[m  [14G   [36m^C[39m(B[m [32mCancel[39m(B[m[K[22;23H[?12l[?25h[?25l[J[24d[?12l[?25h[24;1H[?1049l[23;0;0t[?1l>[?2004l[?2004h]0;MINGW64:/c/Users/apoor
[32mapoorva@DESKTOP-LO88R84 [35mMINGW64 [33m~[36m[0m
$ touch my_file [K.txt
[?2004l[?2004h]0;MINGW64:/c/Users/apoor
[32mapoorva@DESKTOP-LO88R84 [35mMINGW64 [33m~[36m[0m
$ cd
[?2004l[?2004h]0;MINGW64:/c/Users/apoor
[32mapoorva@DESKTOP-LO88R84 [35mMINGW64 [33m~[36m[0m
$ ;s
[?2004lbash: syntax error near unexpected token `;'
[?2004h]0;MINGW64:/c/Users/apoor
[32mapoorva@DESKTOP-LO88R84 [35mMINGW64 [33m~[36m[0m
$ ;[Kls
[?2004l3D Objects/
4.ML_models.ipynb
Adaboost/
Adaboost_cancer_prediction.ipynb
Algorithm+of+PCA+Demonstration.ipynb
Amazon Fine Food Reviews Analysis.ipynb
Amazon fine foods/
ankit_ai/
Ankits code/
ansel/
AppData/
Application Data@
Assignment 12  Tensorflow.ipynb
Assignment 12 Keras.ipynb
Assignment.ipynb
Assignment_1.ipynb
Betas+for+Logistic+Regression.ipynb
Binary search trees.ipynb
Boosting+-+TalkingData+Click+Fraud+.ipynb
broadcast data curation.ipynb
captcha_images_v2.zip
Character Recognition for capcha.ipynb
Churn_Modelling.csv
cluster_centers.JPG
cluster_regions.JPG
CNN_MNIST.ipynb
combined_text_output.txt
commands.txt
complaints.csv
Cookies@
cp
Dashboard 101 Data.ipynb
Dashboard 101 Media(Social Media).ipynb
data analysis.ipynb
data_import_final.ipynb
database.sqlite
Dataset.csv
day.csv
Decision_trees/
Documents/
Downloads/
dropoff_outliers.JPG
echo
EDA_on_StackOverflow_dataset.ipynb
EDA+and+RDS+EC2.ipynb
faiss_index.idx
file.txt
Flipkart_Web+Scraping_Graded_Question.ipynb
Games/
genpact test.ipynb
gradient decent/
helpful codes.ipynb
hour.csv
install_folium (1).JPG
install_folium.JPG
install_graphviz.JPG
install_xgboost.JPG
IntelGraphicsProfiles/
Investments.xlsx
Iris.csv
Keras_Mnist.ipynb
LinearRegression.ipynb
LIVE_2_Mathematical_Programming_Problems.ipynb
LIVE_3_More_Math_Programming_Problems.ipynb
LIVE_4_Strings_Regex.ipynb
LIVE_5_Strings_Regexes_II.ipynb
LIVE_6_DP_inbuilt_DS.ipynb
LIVE_OOP_Basics_II.ipynb
LIVE_OOP_Basics_Python_I.ipynb
LIVE-1_Python.ipynb
Local Settings@
logistic regression/
LSTM - Assignment.ipynb
LSTM amazon fine foods review.ipynb
LSTM_IMDB.ipynb
mapping.csv
Market_Basket_Optimisation.csv
MDC Data Analysis Notebook.ipynb
MicrosoftEdgeBackups/
Missing Value Check.ipynb
MLP_Tensorflow_drive.ipynb
MNIST_data/
My Documents@
my_file.txt
mydask.png
naives bayes/
NCH Software Suite/
Netflix_Movie.ipynb
NetHood@
New folder/
New Text Document.txt
New_york.gif
nlp/
NTUSER.DAT
ntuser.dat.LOG1
ntuser.dat.LOG2
NTUSER.DAT{bfe55f4d-f52c-11ea-a00e-9401a718df6e}.TM.blf
NTUSER.DAT{bfe55f4d-f52c-11ea-a00e-9401a718df6e}.TMContainer00000000000000000001.regtrans-ms
NTUSER.DAT{bfe55f4d-f52c-11ea-a00e-9401a718df6e}.TMContainer00000000000000000002.regtrans-ms
ntuser.ini
NYC Final.ipynb
office work accenture/
OneDrive/
PCA/
PCA Demo I.ipynb
PersonalizedCancerDiagnosis.ipynb
Postman/
preprocessed_data.csv
PrintHood@
PycharmProjects/
python training .ipynb
Recent@
results.csv
rounds2.csv
Sapient.ipynb
scikit_learn_data/
SendTo@
Simple linear regression.csv
sn.txt
source/
StackOverFlow.ipynb
Start Menu@
SVM new/
talks.txt
Templates@
Tensorflow_Softmax_Classifier.ipynb
test.csv
test.ipynb
test1.csv
TigerOfficeFilesImportant/
Time_series_analysis/
titanic .ipynb
titanic.csv
train_sample.csv
Transformer.ipynb
Untitled Folder/
Untitled Folder 1/
Untitled Folder 2/
Untitled Folder 3/
Untitled Folder 5/
Untitled.ipynb
Untitled1.ipynb
Untitled10.ipynb
Untitled11.ipynb
Untitled12.ipynb
Untitled13.ipynb
Untitled14.ipynb
Untitled15.ipynb
Untitled16.ipynb
Untitled17.ipynb
Untitled18.ipynb
Untitled19.ipynb
Untitled2.ipynb
Untitled20.ipynb
Untitled21.ipynb
Untitled22.ipynb
Untitled23.ipynb
Untitled24.ipynb
Untitled25.ipynb
Untitled26.ipynb
Untitled27.ipynb
Untitled28.ipynb
Untitled29.ipynb
Untitled3.ipynb
Untitled30.ipynb
Untitled31.ipynb
Untitled32.ipynb
Untitled33.ipynb
Untitled34.ipynb
Untitled35.ipynb
Untitled36.ipynb
Untitled37.ipynb
Untitled38.ipynb
Untitled39.ipynb
Untitled4.ipynb
Untitled40.ipynb
Untitled5.ipynb
Untitled6.ipynb
Untitled7.ipynb
Untitled8.ipynb
Untitled9.ipynb
Vaccine assignment.ipynb
walmart_regression_analysis.ipynb
Web+Scraping_imdb.ipynb
yellow_tripdata_2015-01.csv
[?2004h]0;MINGW64:/c/Users/apoor
[32mapoorva@DESKTOP-LO88R84 [35mMINGW64 [33m~[36m[0m
$ cd tiger
[?2004lbash: cd: tiger: No such file or directory
[?2004h]0;MINGW64:/c/Users/apoor
[32mapoorva@DESKTOP-LO88R84 [35mMINGW64 [33m~[36m[0m
$ cdtiger[?5h[?5l[K[K[K[K[K tigerTigerOfficeFilesImportant/
[?2004l[?2004h]0;MINGW64:/c/Users/apoor/TigerOfficeFilesImportant
[32mapoorva@DESKTOP-LO88R84 [35mMINGW64 [33m~/TigerOfficeFilesImportant[36m[0m
$ cd she[?5h[?5lll-lesson-data
[?2004l[?2004h]0;MINGW64:/c/Users/apoor/TigerOfficeFilesImportant/shell-lesson-data
[32mapoorva@DESKTOP-LO88R84 [35mMINGW64 [33m~/TigerOfficeFilesImportant/shell-lesson-data[36m[0m
$ cd exercise-data/
[?2004l[?2004h]0;MINGW64:/c/Users/apoor/TigerOfficeFilesImportant/shell-lesson-data/exercise-data
[32mapoorva@DESKTOP-LO88R84 [35mMINGW64 [33m~/TigerOfficeFilesImportant/shell-lesson-data/exercise-data[36m[0m
$ cd writing/
[?2004l[?2004h]0;MINGW64:/c/Users/apoor/TigerOfficeFilesImportant/shell-lesson-data/exercise-data/writing
[32mapoorva@DESKTOP-LO88R84 [35mMINGW64 [33m~/TigerOfficeFilesImportant/shell-lesson-data/exercise-data/writing[36m[0m
$ v [K[Kmv,[Kmmmmmmmm[K[K[K[K[K[K[K[K LittleWomen.txt ../writing/thesis/
[?2004l[?2004h]0;MINGW64:/c/Users/apoor/TigerOfficeFilesImportant/shell-lesson-data/exercise-data/writing
[32mapoorva@DESKTOP-LO88R84 [35mMINGW64 [33m~/TigerOfficeFilesImportant/shell-lesson-data/exercise-data/writing[36m[0m
$ cp[Kd[K[Kls
[?2004lhaiku.txt
thesis/
[?2004h]0;MINGW64:/c/Users/apoor/TigerOfficeFilesImportant/shell-lesson-data/exercise-data/writing
[32mapoorva@DESKTOP-LO88R84 [35mMINGW64 [33m~/TigerOfficeFilesImportant/shell-lesson-data/exercise-data/writing[36m[0m
$ cd [K[K[Kcp thesis/lLittleWomen.txt 
[?2004lcp: missing destination file operand after 'thesis/LittleWomen.txt'
Try 'cp --help' for more information.
[?2004h]0;MINGW64:/c/Users/apoor/TigerOfficeFilesImportant/shell-lesson-data/exercise-data/writing
[32mapoorva@DESKTOP-LO88R84 [35mMINGW64 [33m~/TigerOfficeFilesImportant/shell-lesson-data/exercise-data/writing[36m[0m
$ cp thesis/LittleWomen.txt ../
[?2004l[?2004h]0;MINGW64:/c/Users/apoor/TigerOfficeFilesImportant/shell-lesson-data/exercise-data/writing
[32mapoorva@DESKTOP-LO88R84 [35mMINGW64 [33m~/TigerOfficeFilesImportant/shell-lesson-data/exercise-data/writing[36m[0m
$ cp thesis/LittleWomen.txt ../[K[K[K[K[K[K[K[K[K[K[K[K[K[K[K[K[K[K[K[K[K[K[K[K[K[K[K[K[K[?5h[?5l[?5h[?5l[?5h[?5l[?5h[?5l[?5h[?5l[?5h[?5l[?5h[?5l[?5h[?5lls
[?2004lhaiku.txt
thesis/
[?2004h]0;MINGW64:/c/Users/apoor/TigerOfficeFilesImportant/shell-lesson-data/exercise-data/writing
[32mapoorva@DESKTOP-LO88R84 [35mMINGW64 [33m~/TigerOfficeFilesImportant/shell-lesson-data/exercise-data/writing[36m[0m
$ lscp thesis/LittleWomen.txt ../writing/
[?2004l[?2004h]0;MINGW64:/c/Users/apoor/TigerOfficeFilesImportant/shell-lesson-data/exercise-data/writing
[32mapoorva@DESKTOP-LO88R84 [35mMINGW64 [33m~/TigerOfficeFilesImportant/shell-lesson-data/exercise-data/writing[36m[0m
$ ls
[?2004lhaiku.txt
LittleWomen.txt
thesis/
[?2004h]0;MINGW64:/c/Users/apoor/TigerOfficeFilesImportant/shell-lesson-data/exercise-data/writing
[32mapoorva@DESKTOP-LO88R84 [35mMINGW64 [33m~/TigerOfficeFilesImportant/shell-lesson-data/exercise-data/writing[36m[0m
$ rm thesis/lLittleWomen.txt 
[?2004l[?2004h]0;MINGW64:/c/Users/apoor/TigerOfficeFilesImportant/shell-lesson-data/exercise-data/writing
[32mapoorva@DESKTOP-LO88R84 [35mMINGW64 [33m~/TigerOfficeFilesImportant/shell-lesson-data/exercise-data/writing[36m[0m
$ rm ../lLittleWomen.txt [C[1@ [1@-[1@-[1@u[1@i[1P[1P[1@i[C[1@ 
[?2004lrm: remove regular file '../LittleWomen.txt'? [?2004h]0;MINGW64:/c/Users/apoor/TigerOfficeFilesImportant/shell-lesson-data/exercise-data/writing
[32mapoorva@DESKTOP-LO88R84 [35mMINGW64 [33m~/TigerOfficeFilesImportant/shell-lesson-data/exercise-data/writing[36m[0m
$ cd ../alkanes/
[?2004l[?2004h]0;MINGW64:/c/Users/apoor/TigerOfficeFilesImportant/shell-lesson-data/exercise-data/alkanes
[32mapoorva@DESKTOP-LO88R84 [35mMINGW64 [33m~/TigerOfficeFilesImportant/shell-lesson-data/exercise-data/alkanes[36m[0m
$ ls
[?2004lcubane.pdb
ethane.pdb
methane.pdb
octane.pdb
pentane.pdb
propane.pdb
[?2004h]0;MINGW64:/c/Users/apoor/TigerOfficeFilesImportant/shell-lesson-data/exercise-data/alkanes
[32mapoorva@DESKTOP-LO88R84 [35mMINGW64 [33m~/TigerOfficeFilesImportant/shell-lesson-data/exercise-data/alkanes[36m[0m
$ ls *ethane.pdb
[?2004lethane.pdb
methane.pdb
[?2004h]0;MINGW64:/c/Users/apoor/TigerOfficeFilesImportant/shell-lesson-data/exercise-data/alkanes
[32mapoorva@DESKTOP-LO88R84 [35mMINGW64 [33m~/TigerOfficeFilesImportant/shell-lesson-data/exercise-data/alkanes[36m[0m
$ ls -F
[?2004lcubane.pdb
ethane.pdb
methane.pdb
octane.pdb
pentane.pdb
propane.pdb
[?2004h]0;MINGW64:/c/Users/apoor/TigerOfficeFilesImportant/shell-lesson-data/exercise-data/alkanes
[32mapoorva@DESKTOP-LO88R84 [35mMINGW64 [33m~/TigerOfficeFilesImportant/shell-lesson-data/exercise-data/alkanes[36m[0m
$ wc *.pdb
[?2004l  20  156 1158 cubane.pdb
  12   84  622 ethane.pdb
   9   57  422 methane.pdb
  30  246 1828 octane.pdb
  21  165 1226 pentane.pdb
  15  111  825 propane.pdb
 107  819 6081 total
[?2004h]0;MINGW64:/c/Users/apoor/TigerOfficeFilesImportant/shell-lesson-data/exercise-data/alkanes
[32mapoorva@DESKTOP-LO88R84 [35mMINGW64 [33m~/TigerOfficeFilesImportant/shell-lesson-data/exercise-data/alkanes[36m[0m
$ wc -l cubane.pdb 
[?2004l20 cubane.pdb
[?2004h]0;MINGW64:/c/Users/apoor/TigerOfficeFilesImportant/shell-lesson-data/exercise-data/alkanes
[32mapoorva@DESKTOP-LO88R84 [35mMINGW64 [33m~/TigerOfficeFilesImportant/shell-lesson-data/exercise-data/alkanes[36m[0m
$ cd ..
[?2004l[?2004h]0;MINGW64:/c/Users/apoor/TigerOfficeFilesImportant/shell-lesson-data/exercise-data
[32mapoorva@DESKTOP-LO88R84 [35mMINGW64 [33m~/TigerOfficeFilesImportant/shell-lesson-data/exercise-data[36m[0m
$ ls
[?2004lalkanes/
animal-counts/
creatures/
numbers.txt
project/
project2/
writing/
[?2004h]0;MINGW64:/c/Users/apoor/TigerOfficeFilesImportant/shell-lesson-data/exercise-data
[32mapoorva@DESKTOP-LO88R84 [35mMINGW64 [33m~/TigerOfficeFilesImportant/shell-lesson-data/exercise-data[36m[0m
$ sort -n numbers.txt 
[?2004l2
6
10
19
22
[?2004h]0;MINGW64:/c/Users/apoor/TigerOfficeFilesImportant/shell-lesson-data/exercise-data
[32mapoorva@DESKTOP-LO88R84 [35mMINGW64 [33m~/TigerOfficeFilesImportant/shell-lesson-data/exercise-data[36m[0m
$ sort numbers.txt 
[?2004l10
19
2
22
6
[?2004h]0;MINGW64:/c/Users/apoor/TigerOfficeFilesImportant/shell-lesson-data/exercise-data
[32mapoorva@DESKTOP-LO88R84 [35mMINGW64 [33m~/TigerOfficeFilesImportant/shell-lesson-data/exercise-data[36m[0m
$ sort numbers.txt [C[C[C[C[C[C[C[3@-n [C[C[C[C[C[C[C[C[C[C[C[C> sorter[Kd-n[?5h[?5luber.tc[Kxt[K[K[K[K[K[K[K[K[K[K.txt
[?2004l[?2004h]0;MINGW64:/c/Users/apoor/TigerOfficeFilesImportant/shell-lesson-data/exercise-data
[32mapoorva@DESKTOP-LO88R84 [35mMINGW64 [33m~/TigerOfficeFilesImportant/shell-lesson-data/exercise-data[36m[0m
$ head -n [K 2 sorth[Ker[Kd.txt
[?2004l2
6
[?2004h]0;MINGW64:/c/Users/apoor/TigerOfficeFilesImportant/shell-lesson-data/exercise-data
[32mapoorva@DESKTOP-LO88R84 [35mMINGW64 [33m~/TigerOfficeFilesImportant/shell-lesson-data/exercise-data[36m[0m
$ echo head -n2[K 2 sorted.txt 
[?2004lhead -n 2 sorted.txt
[?2004h]0;MINGW64:/c/Users/apoor/TigerOfficeFilesImportant/shell-lesson-data/exercise-data
[32mapoorva@DESKTOP-LO88R84 [35mMINGW64 [33m~/TigerOfficeFilesImportant/shell-lesson-data/exercise-data[36m[0m
$ echo head -n 2 sorted.txt [K[K[K[K[K[K[K[K[K[K[K[K[K[K[K[K[K[K[K[K[K[K ![K$head-[K -n 2 sorted.txt 
[?2004l2 sorted.txt[?2004h]0;MINGW64:/c/Users/apoor/TigerOfficeFilesImportant/shell-lesson-data/exercise-data
[32mapoorva@DESKTOP-LO88R84 [35mMINGW64 [33m~/TigerOfficeFilesImportant/shell-lesson-data/exercise-data[36m[0m
$ sort -n numbers.txt | head -n 1
[?2004l2
[?2004h]0;MINGW64:/c/Users/apoor/TigerOfficeFilesImportant/shell-lesson-data/exercise-data
[32mapoorva@DESKTOP-LO88R84 [35mMINGW64 [33m~/TigerOfficeFilesImportant/shell-lesson-data/exercise-data[36m[0m
$ we[Kc -l *.pdb
[?2004lwc: '*.pdb': No such file or directory
[?2004h]0;MINGW64:/c/Users/apoor/TigerOfficeFilesImportant/shell-lesson-data/exercise-data
[32mapoorva@DESKTOP-LO88R84 [35mMINGW64 [33m~/TigerOfficeFilesImportant/shell-lesson-data/exercise-data[36m[0m
$ ls
[?2004lalkanes/
animal-counts/
creatures/
numbers.txt
project/
project2/
sorted.txt
writing/
[?2004h]0;MINGW64:/c/Users/apoor/TigerOfficeFilesImportant/shell-lesson-data/exercise-data
[32mapoorva@DESKTOP-LO88R84 [35mMINGW64 [33m~/TigerOfficeFilesImportant/shell-lesson-data/exercise-data[36m[0m
$ cd animal-counts/
[?2004l[?2004h]0;MINGW64:/c/Users/apoor/TigerOfficeFilesImportant/shell-lesson-data/exercise-data/animal-counts
[32mapoorva@DESKTOP-LO88R84 [35mMINGW64 [33m~/TigerOfficeFilesImportant/shell-lesson-data/exercise-data/animal-counts[36m[0m
$ cd [K[K[K[?5h[?5lch[K[K[?5h[?5la[?5h[?5l
Display all 200 possibilities? (y or n)
]0;MINGW64:/c/Users/apoor/TigerOfficeFilesImportant/shell-lesson-data/exercise-data/animal-counts
[32mapoorva@DESKTOP-LO88R84 [35mMINGW64 [33m~/TigerOfficeFilesImportant/shell-lesson-data/exercise-data/animal-counts[36m[0m
$ a[Kn
[?2004lbash: n: command not found
[?2004h]0;MINGW64:/c/Users/apoor/TigerOfficeFilesImportant/shell-lesson-data/exercise-data/animal-counts
[32mapoorva@DESKTOP-LO88R84 [35mMINGW64 [33m~/TigerOfficeFilesImportant/shell-lesson-data/exercise-data/animal-counts[36m[0m
$ ls
[?2004lanimals.csv
[?2004h]0;MINGW64:/c/Users/apoor/TigerOfficeFilesImportant/shell-lesson-data/exercise-data/animal-counts
[32mapoorva@DESKTOP-LO88R84 [35mMINGW64 [33m~/TigerOfficeFilesImportant/shell-lesson-data/exercise-data/animal-counts[36m[0m
$ cat animals [K[K[Kls.csv | head n[K[K -n 5 | tail -n 3 ][K| sort -r> final.txt
[?2004l[?2004h]0;MINGW64:/c/Users/apoor/TigerOfficeFilesImportant/shell-lesson-data/exercise-data/animal-counts
[32mapoorva@DESKTOP-LO88R84 [35mMINGW64 [33m~/TigerOfficeFilesImportant/shell-lesson-data/exercise-data/animal-counts[36m[0m
$ cat animals.csv | head -n 5 | tail -n 3 | sort -r> final.txt[K[K[K[K[K[K[K[K[K[K[K
[?2004l2012-11-06,rabbit,19
2012-11-06,deer,2
2012-11-05,raccoon,7
[?2004h]0;MINGW64:/c/Users/apoor/TigerOfficeFilesImportant/shell-lesson-data/exercise-data/animal-counts
[32mapoorva@DESKTOP-LO88R84 [35mMINGW64 [33m~/TigerOfficeFilesImportant/shell-lesson-data/exercise-data/animal-counts[36m[0m
$ cd [K[K[K[?5h[?5lcat animals.csv 
[?2004l2012-11-05,deer,5
2012-11-05,rabbit,22
2012-11-05,raccoon,7
2012-11-06,rabbit,19
2012-11-06,deer,2
2012-11-06,fox,4
2012-11-07,rabbit,16
2012-11-07,bear,1
[?2004h]0;MINGW64:/c/Users/apoor/TigerOfficeFilesImportant/shell-lesson-data/exercise-data/animal-counts
[32mapoorva@DESKTOP-LO88R84 [35mMINGW64 [33m~/TigerOfficeFilesImportant/shell-lesson-data/exercise-data/animal-counts[36m[0m
$ cut -d, f2[K 2 [K,[K animals.csv 
[?2004lcut: you must specify a list of bytes, characters, or fields
Try 'cut --help' for more information.
[?2004h]0;MINGW64:/c/Users/apoor/TigerOfficeFilesImportant/shell-lesson-data/exercise-data/animal-counts
[32mapoorva@DESKTOP-LO88R84 [35mMINGW64 [33m~/TigerOfficeFilesImportant/shell-lesson-data/exercise-data/animal-counts[36m[0m
$ cut -d, f 2 animals.csv [1@-[C[1P
[?2004lcut: the delimiter must be a single character
Try 'cut --help' for more information.
[?2004h]0;MINGW64:/c/Users/apoor/TigerOfficeFilesImportant/shell-lesson-data/exercise-data/animal-counts
[32mapoorva@DESKTOP-LO88R84 [35mMINGW64 [33m~/TigerOfficeFilesImportant/shell-lesson-data/exercise-data/animal-counts[36m[0m
$ cut -d,-f 2 animals.csv [1@ 
[?2004ldeer
rabbit
raccoon
rabbit
deer
fox
rabbit
bear
[?2004h]0;MINGW64:/c/Users/apoor/TigerOfficeFilesImportant/shell-lesson-data/exercise-data/animal-counts
[32mapoorva@DESKTOP-LO88R84 [35mMINGW64 [33m~/TigerOfficeFilesImportant/shell-lesson-data/exercise-data/animal-counts[36m[0m
$ cd [K[K[Kls
[?2004lanimals.csv
final.txt
[?2004h]0;MINGW64:/c/Users/apoor/TigerOfficeFilesImportant/shell-lesson-data/exercise-data/animal-counts
[32mapoorva@DESKTOP-LO88R84 [35mMINGW64 [33m~/TigerOfficeFilesImportant/shell-lesson-data/exercise-data/animal-counts[36m[0m
$ cd ..
[?2004l[?2004h]0;MINGW64:/c/Users/apoor/TigerOfficeFilesImportant/shell-lesson-data/exercise-data
[32mapoorva@DESKTOP-LO88R84 [35mMINGW64 [33m~/TigerOfficeFilesImportant/shell-lesson-data/exercise-data[36m[0m
$ ls
[?2004lalkanes/
animal-counts/
creatures/
numbers.txt
project/
project2/
sorted.txt
writing/
[?2004h]0;MINGW64:/c/Users/apoor/TigerOfficeFilesImportant/shell-lesson-data/exercise-data
[32mapoorva@DESKTOP-LO88R84 [35mMINGW64 [33m~/TigerOfficeFilesImportant/shell-lesson-data/exercise-data[36m[0m
$ cd ..
[?2004l[?2004h]0;MINGW64:/c/Users/apoor/TigerOfficeFilesImportant/shell-lesson-data
[32mapoorva@DESKTOP-LO88R84 [35mMINGW64 [33m~/TigerOfficeFilesImportant/shell-lesson-data[36m[0m
$ ls
[?2004lexercise-data/
Git-2.47.0.2-64-bit.exe*
north-pacific-gyre/
thesis/
[?2004h]0;MINGW64:/c/Users/apoor/TigerOfficeFilesImportant/shell-lesson-data
[32mapoorva@DESKTOP-LO88R84 [35mMINGW64 [33m~/TigerOfficeFilesImportant/shell-lesson-data[36m[0m
$ ls [K[K[K[?5h[?5lcd north-pacific-gyre/
[?2004l[?2004h]0;MINGW64:/c/Users/apoor/TigerOfficeFilesImportant/shell-lesson-data/north-pacific-gyre
[32mapoorva@DESKTOP-LO88R84 [35mMINGW64 [33m~/TigerOfficeFilesImportant/shell-lesson-data/north-pacific-gyre[36m[0m
$ wc-[K -l *.txt
[?2004l  300 NENE01729A.txt
  300 NENE01729B.txt
  300 NENE01736A.txt
  300 NENE01751A.txt
  300 NENE01751B.txt
  300 NENE01812A.txt
  300 NENE01843A.txt
  300 NENE01843B.txt
  300 NENE01971Z.txt
  300 NENE01978A.txt
  300 NENE01978B.txt
  240 NENE02018B.txt
  300 NENE02040A.txt
  300 NENE02040B.txt
  300 NENE02040Z.txt
  300 NENE02043A.txt
  300 NENE02043B.txt
 5040 total
[?2004h]0;MINGW64:/c/Users/apoor/TigerOfficeFilesImportant/shell-lesson-data/north-pacific-gyre
[32mapoorva@DESKTOP-LO88R84 [35mMINGW64 [33m~/TigerOfficeFilesImportant/shell-lesson-data/north-pacific-gyre[36m[0m
$ wc -l *.txt \[K| sort -n [K | head -n 5| [K[K | tail -n 2
[?2004l  300 NENE01736A.txt
  300 NENE01751A.txt
[?2004h]0;MINGW64:/c/Users/apoor/TigerOfficeFilesImportant/shell-lesson-data/north-pacific-gyre
[32mapoorva@DESKTOP-LO88R84 [35mMINGW64 [33m~/TigerOfficeFilesImportant/shell-lesson-data/north-pacific-gyre[36m[0m
$ cd c
[?2004lbash: cd: c: No such file or directory
[?2004h]0;MINGW64:/c/Users/apoor/TigerOfficeFilesImportant/shell-lesson-data/north-pacific-gyre
[32mapoorva@DESKTOP-LO88R84 [35mMINGW64 [33m~/TigerOfficeFilesImportant/shell-lesson-data/north-pacific-gyre[36m[0m
$ cd c[?5h[?5l[K[K[K[K[?5h[?5lls
[?2004lgoodiff.sh
goostats.sh
NENE01729A.txt
NENE01729B.txt
NENE01736A.txt
NENE01751A.txt
NENE01751B.txt
NENE01812A.txt
NENE01843A.txt
NENE01843B.txt
NENE01971Z.txt
NENE01978A.txt
NENE01978B.txt
NENE02018B.txt
NENE02040A.txt
NENE02040B.txt
NENE02040Z.txt
NENE02043A.txt
NENE02043B.txt
[?2004h]0;MINGW64:/c/Users/apoor/TigerOfficeFilesImportant/shell-lesson-data/north-pacific-gyre
[32mapoorva@DESKTOP-LO88R84 [35mMINGW64 [33m~/TigerOfficeFilesImportant/shell-lesson-data/north-pacific-gyre[36m[0m
$ cd ..
[?2004l[?2004h]0;MINGW64:/c/Users/apoor/TigerOfficeFilesImportant/shell-lesson-data
[32mapoorva@DESKTOP-LO88R84 [35mMINGW64 [33m~/TigerOfficeFilesImportant/shell-lesson-data[36m[0m
$ cd cr[?5h[?5l[?5h[?5l[K[?5h[?5l[K[K[K[K[?5h[?5lls
[?2004lexercise-data/
Git-2.47.0.2-64-bit.exe*
north-pacific-gyre/
thesis/
[?2004h]0;MINGW64:/c/Users/apoor/TigerOfficeFilesImportant/shell-lesson-data
[32mapoorva@DESKTOP-LO88R84 [35mMINGW64 [33m~/TigerOfficeFilesImportant/shell-lesson-data[36m[0m
$ cd exercise-data/
[?2004l[?2004h]0;MINGW64:/c/Users/apoor/TigerOfficeFilesImportant/shell-lesson-data/exercise-data
[32mapoorva@DESKTOP-LO88R84 [35mMINGW64 [33m~/TigerOfficeFilesImportant/shell-lesson-data/exercise-data[36m[0m
$ ls
[?2004lalkanes/
animal-counts/
creatures/
numbers.txt
project/
project2/
sorted.txt
writing/
[?2004h]0;MINGW64:/c/Users/apoor/TigerOfficeFilesImportant/shell-lesson-data/exercise-data
[32mapoorva@DESKTOP-LO88R84 [35mMINGW64 [33m~/TigerOfficeFilesImportant/shell-lesson-data/exercise-data[36m[0m
$ cd creatures/
[?2004l[?2004h]0;MINGW64:/c/Users/apoor/TigerOfficeFilesImportant/shell-lesson-data/exercise-data/creatures
[32mapoorva@DESKTOP-LO88R84 [35mMINGW64 [33m~/TigerOfficeFilesImportant/shell-lesson-data/exercise-data/creatures[36m[0m
$ ls
[?2004lbasilisk.dat
minotaur.dat
unicorn.dat
[?2004h]0;MINGW64:/c/Users/apoor/TigerOfficeFilesImportant/shell-lesson-data/exercise-data/creatures
[32mapoorva@DESKTOP-LO88R84 [35mMINGW64 [33m~/TigerOfficeFilesImportant/shell-lesson-data/exercise-data/creatures[36m[0m
$ for file in *.dat
[?2004l[?2004h> do echo $fi;e[K[Kle
[?2004l[?2004h> [?5h[?5l[?5h[?5l[?5h[?5lhead n[K-n 2 $file [K 
[?2004l[?2004h> donw
[?2004l[?2004h> [?5h[?5l
[?2004l[?2004h> 
[?2004l[?2004h> [?2004h]0;MINGW64:/c/Users/apoor
[32mapoorva@DESKTOP-LO88R84 [35mMINGW64 [33m~[36m[0m
$ [?2004h]0;MINGW64:/c/Users/apoor
[32mapoorva@DESKTOP-LO88R84 [35mMINGW64 [33m~[36m[0m
$ cd ti[?5h[?5l
TigerOfficeFilesImportant/ Time_series_analysis/      titanic .ipynb             titanic.csv
]0;MINGW64:/c/Users/apoor
[32mapoorva@DESKTOP-LO88R84 [35mMINGW64 [33m~[36m[0m
$ cd ticd tigerTigerOfficeFilesImportant/[K[K[K[K[K[K[K[K[K[K[K[K[K[K[K[K[K[K[K[K[K[K[K[K[K[K[K[K[KgerTigerOfficeFilesImportant/
[?2004l[?2004h]0;MINGW64:/c/Users/apoor/TigerOfficeFilesImportant
[32mapoorva@DESKTOP-LO88R84 [35mMINGW64 [33m~/TigerOfficeFilesImportant[36m[0m
$ cd s[?5h[?5lhell-lesson-data
[?2004l[?2004h]0;MINGW64:/c/Users/apoor/TigerOfficeFilesImportant/shell-lesson-data
[32mapoorva@DESKTOP-LO88R84 [35mMINGW64 [33m~/TigerOfficeFilesImportant/shell-lesson-data[36m[0m
$ cd exercise-data/
[?2004l[?2004h]0;MINGW64:/c/Users/apoor/TigerOfficeFilesImportant/shell-lesson-data/exercise-data
[32mapoorva@DESKTOP-LO88R84 [35mMINGW64 [33m~/TigerOfficeFilesImportant/shell-lesson-data/exercise-data[36m[0m
$ cd a[?5h[?5lla[?5h[?5l[K[K[K[K[K[Kls
[?2004lalkanes/
animal-counts/
creatures/
numbers.txt
project/
project2/
sorted.txt
writing/
[?2004h]0;MINGW64:/c/Users/apoor/TigerOfficeFilesImportant/shell-lesson-data/exercise-data
[32mapoorva@DESKTOP-LO88R84 [35mMINGW64 [33m~/TigerOfficeFilesImportant/shell-lesson-data/exercise-data[36m[0m
$ cd alc[?5h[?5l=[K[Kkanes/
[?2004l[?2004h]0;MINGW64:/c/Users/apoor/TigerOfficeFilesImportant/shell-lesson-data/exercise-data/alkanes
[32mapoorva@DESKTOP-LO88R84 [35mMINGW64 [33m~/TigerOfficeFilesImportant/shell-lesson-data/exercise-data/alkanes[36m[0m
$ for i bi[K[Kin *.pdb
[?2004l[?2004h> do 
[?2004l[?2004h>     cat $i>> all.pdb
[?2004l[?2004h> done
[?2004l[?2004h]0;MINGW64:/c/Users/apoor/TigerOfficeFilesImportant/shell-lesson-data/exercise-data/alkanes
[32mapoorva@DESKTOP-LO88R84 [35mMINGW64 [33m~/TigerOfficeFilesImportant/shell-lesson-data/exercise-data/alkanes[36m[0m
$ ls [K[K[Kall.pdb
[?2004lbash: all.pdb: command not found
[?2004h]0;MINGW64:/c/Users/apoor/TigerOfficeFilesImportant/shell-lesson-data/exercise-data/alkanes
[32mapoorva@DESKTOP-LO88R84 [35mMINGW64 [33m~/TigerOfficeFilesImportant/shell-lesson-data/exercise-data/alkanes[36m[0m
$ cat all.pdb
[?2004lCOMPND      CUBANE
AUTHOR      DAVE WOODCOCK  95 12 06
ATOM      1  C           1       0.789  -0.852   0.504  1.00  0.00
ATOM      2  C           1      -0.161  -1.104  -0.624  1.00  0.00
ATOM      3  C           1      -1.262  -0.440   0.160  1.00  0.00
ATOM      4  C           1      -0.289  -0.202   1.284  1.00  0.00
ATOM      5  C           1       1.203   0.513  -0.094  1.00  0.00
ATOM      6  C           1       0.099   1.184   0.694  1.00  0.00
ATOM      7  C           1      -0.885   0.959  -0.460  1.00  0.00
ATOM      8  C           1       0.236   0.283  -1.269  1.00  0.00
ATOM      9  H           1       1.410  -1.631   0.942  1.00  0.00
ATOM     10  H           1      -0.262  -2.112  -1.024  1.00  0.00
ATOM     11  H           1      -2.224  -0.925   0.328  1.00  0.00
ATOM     12  H           1      -0.468  -0.501   2.315  1.00  0.00
ATOM     13  H           1       2.224   0.892  -0.134  1.00  0.00
ATOM     14  H           1       0.240   2.112   1.251  1.00  0.00
ATOM     15  H           1      -1.565   1.730  -0.831  1.00  0.00
ATOM     16  H           1       0.472   0.494  -2.315  1.00  0.00
TER      17              1
END
COMPND      ETHANE
AUTHOR      DAVE WOODCOCK  95 12 18
ATOM      1  C           1      -0.752   0.001  -0.141  1.00  0.00
ATOM      2  C           1       0.752  -0.001   0.141  1.00  0.00
ATOM      3  H           1      -1.158   0.991   0.070  1.00  0.00
ATOM      4  H           1      -1.240  -0.737   0.496  1.00  0.00
ATOM      5  H           1      -0.924  -0.249  -1.188  1.00  0.00
ATOM      6  H           1       1.158  -0.991  -0.070  1.00  0.00
ATOM      7  H           1       0.924   0.249   1.188  1.00  0.00
ATOM      8  H           1       1.240   0.737  -0.496  1.00  0.00
TER       9              1
END
COMPND      METHANE
AUTHOR      DAVE WOODCOCK  95 12 18
ATOM      1  C           1       0.257  -0.363   0.000  1.00  0.00
ATOM      2  H           1       0.257   0.727   0.000  1.00  0.00
ATOM      3  H           1       0.771  -0.727   0.890  1.00  0.00
ATOM      4  H           1       0.771  -0.727  -0.890  1.00  0.00
ATOM      5  H           1      -0.771  -0.727   0.000  1.00  0.00
TER       6              1
END
COMPND      OCTANE
AUTHOR      DAVE WOODCOCK  96 01 05
ATOM      1  C           1      -4.397   0.370  -0.255  1.00  0.00
ATOM      2  C           1      -3.113  -0.447  -0.421  1.00  0.00
ATOM      3  C           1      -1.896   0.386  -0.007  1.00  0.00
ATOM      4  C           1      -0.611  -0.426  -0.198  1.00  0.00
ATOM      5  C           1       0.608   0.405   0.216  1.00  0.00
ATOM      6  C           1       1.892  -0.400   0.001  1.00  0.00
ATOM      7  C           1       3.113   0.429   0.414  1.00  0.00
ATOM      8  C           1       4.397  -0.374   0.199  1.00  0.00
ATOM      9  H           1      -4.502   0.681   0.785  1.00  0.00
ATOM     10  H           1      -5.254  -0.243  -0.537  1.00  0.00
ATOM     11  H           1      -4.357   1.252  -0.895  1.00  0.00
ATOM     12  H           1      -3.009  -0.741  -1.467  1.00  0.00
ATOM     13  H           1      -3.172  -1.337   0.206  1.00  0.00
ATOM     14  H           1      -1.992   0.668   1.044  1.00  0.00
ATOM     15  H           1      -1.849   1.286  -0.621  1.00  0.00
ATOM     16  H           1      -0.515  -0.707  -1.248  1.00  0.00
ATOM     17  H           1      -0.659  -1.326   0.417  1.00  0.00
ATOM     18  H           1       0.520   0.671   1.270  1.00  0.00
ATOM     19  H           1       0.645   1.314  -0.386  1.00  0.00
ATOM     20  H           1       1.979  -0.666  -1.054  1.00  0.00
ATOM     21  H           1       1.855  -1.309   0.604  1.00  0.00
ATOM     22  H           1       3.030   0.696   1.467  1.00  0.00
ATOM     23  H           1       3.155   1.337  -0.188  1.00  0.00
ATOM     24  H           1       4.493  -0.641  -0.854  1.00  0.00
ATOM     25  H           1       4.368  -1.282   0.801  1.00  0.00
ATOM     26  H           1       5.254   0.230   0.498  1.00  0.00
TER      27              1
END
COMPND      PENTANE
AUTHOR      DAVE WOODCOCK  95 12 18
ATOM      1  C           1       2.484  -0.389   0.322  1.00  0.00
ATOM      2  C           1       1.261   0.350  -0.243  1.00  0.00
ATOM      3  C           1      -0.027  -0.348   0.199  1.00  0.00
ATOM      4  C           1      -1.249   0.421  -0.326  1.00  0.00
ATOM      5  C           1      -2.536  -0.311   0.047  1.00  0.00
ATOM      6  H           1       2.471  -1.420  -0.033  1.00  0.00
ATOM      7  H           1       2.443  -0.371   1.412  1.00  0.00
ATOM      8  H           1       3.393   0.112  -0.016  1.00  0.00
ATOM      9  H           1       1.324   0.350  -1.332  1.00  0.00
ATOM     10  H           1       1.271   1.378   0.122  1.00  0.00
ATOM     11  H           1      -0.074  -0.384   1.288  1.00  0.00
ATOM     12  H           1      -0.048  -1.362  -0.205  1.00  0.00
ATOM     13  H           1      -1.183   0.500  -1.412  1.00  0.00
ATOM     14  H           1      -1.259   1.420   0.112  1.00  0.00
ATOM     15  H           1      -2.608  -0.407   1.130  1.00  0.00
ATOM     16  H           1      -2.540  -1.303  -0.404  1.00  0.00
ATOM     17  H           1      -3.393   0.254  -0.321  1.00  0.00
TER      18              1
END
COMPND      PROPANE
AUTHOR      DAVE WOODCOCK  95  12 18
ATOM      1  C           1       1.241   0.444   0.349  1.00  0.00
ATOM      2  C           1      -0.011  -0.441   0.333  1.00  0.00
ATOM      3  C           1      -1.176   0.296  -0.332  1.00  0.00
ATOM      4  H           1       1.516   0.699  -0.675  1.00  0.00
ATOM      5  H           1       2.058  -0.099   0.827  1.00  0.00
ATOM      6  H           1       1.035   1.354   0.913  1.00  0.00
ATOM      7  H           1      -0.283  -0.691   1.359  1.00  0.00
ATOM      8  H           1       0.204  -1.354  -0.225  1.00  0.00
ATOM      9  H           1      -0.914   0.551  -1.359  1.00  0.00
ATOM     10  H           1      -1.396   1.211   0.219  1.00  0.00
ATOM     11  H           1      -2.058  -0.345  -0.332  1.00  0.00
TER      12              1
END
[?2004h]0;MINGW64:/c/Users/apoor/TigerOfficeFilesImportant/shell-lesson-data/exercise-data/alkanes
[32mapoorva@DESKTOP-LO88R84 [35mMINGW64 [33m~/TigerOfficeFilesImportant/shell-lesson-data/exercise-data/alkanes[36m[0m
$ for se[Kpecoi[K[Kies in cubane undane lun[K[K[Kmundane 
[?2004l[?2004h> fo [K[K[Kdo
[?2004l[?2004h>    for temp in 25 30 37 40
[?2004l[?2004h> [?2004h]0;MINGW64:/c/Users/apoor
[32mapoorva@DESKTOP-LO88R84 [35mMINGW64 [33m~[36m[0m
$ nano iddle [K[K[K[K[K[K[K[K[K[K[K[?5h[?5lcd tiger [?5h[?5l[KTigerOfficeFilesImportant/
[?2004l[?2004h]0;MINGW64:/c/Users/apoor/TigerOfficeFilesImportant
[32mapoorva@DESKTOP-LO88R84 [35mMINGW64 [33m~/TigerOfficeFilesImportant[36m[0m
$ cd e[?5h[?5l[Ke[Ks[?5h[?5lhell-lesson-data
[?2004l[?2004h]0;MINGW64:/c/Users/apoor/TigerOfficeFilesImportant/shell-lesson-data
[32mapoorva@DESKTOP-LO88R84 [35mMINGW64 [33m~/TigerOfficeFilesImportant/shell-lesson-data[36m[0m
$ cd exercise-data/
[?2004l[?2004h]0;MINGW64:/c/Users/apoor/TigerOfficeFilesImportant/shell-lesson-data/exercise-data
[32mapoorva@DESKTOP-LO88R84 [35mMINGW64 [33m~/TigerOfficeFilesImportant/shell-lesson-data/exercise-data[36m[0m
$ nano middle.sh
[?2004l[?2004h[?1049h[22;0;0t[1;24r(B[m[4l[?7h[39;49m[?1h=[?1h=[?25l[39;49m(B[m[H[2J[22;35H(B[0;1m[37m[42m[ New File ][39;49m(B[m[H(B[0;1m[37m[44m  GNU nano 8.2[23X[1;38Hmiddle.sh[K[79G[39;49m(B[m[23d[36m^G[39m(B[m [32mHelp[14G[36m^O[39m(B[m [32mWrite Out[39m(B[m [36m^F[39m(B[m [32mWhere Is[39m(B[m  [36m^K[39m(B[m [32mCut[53G[36m^T[39m(B[m [32mExecute[39m(B[m   [36m^C[39m(B[m [32mLocation[24d[36m^X[39m(B[m [32mExit[14G[36m^R[39m(B[m [32mRead File[39m(B[m [36m^\[39m(B[m [32mReplace[39m(B[m   [36m^U[39m(B[m [32mPaste[39m(B[m     [36m^J[39m(B[m [32mJustify[39m(B[m   [36m^/[39m(B[m [32mGo To Line[39m(B[m[2d[?12l[?25h[?25l[22d[J[24d[?12l[?25h[24;1H[?1049l[23;0;0t[?1l>[?2004l[?2004h]0;MINGW64:/c/Users/apoor/TigerOfficeFilesImportant/shell-lesson-data/exercise-data
[32mapoorva@DESKTOP-LO88R84 [35mMINGW64 [33m~/TigerOfficeFilesImportant/shell-lesson-data/exercise-data[36m[0m
$ cd a[?5h[?5llkanes/
[?2004l[?2004h]0;MINGW64:/c/Users/apoor/TigerOfficeFilesImportant/shell-lesson-data/exercise-data/alkanes
[32mapoorva@DESKTOP-LO88R84 [35mMINGW64 [33m~/TigerOfficeFilesImportant/shell-lesson-data/exercise-data/alkanes[36m[0m
$ nano middle [K.sh
[?2004l[?2004h[?1049h[22;0;0t[1;24r(B[m[4l[?7h[39;49m[?1h=[?1h=[?25l[39;49m(B[m[H[2J[22;35H(B[0;1m[37m[42m[ New File ][39;49m(B[m[H(B[0;1m[37m[44m  GNU nano 8.2[23X[1;38Hmiddle.sh[K[79G[39;49m(B[m[23d[36m^G[39m(B[m [32mHelp[14G[36m^O[39m(B[m [32mWrite Out[39m(B[m [36m^F[39m(B[m [32mWhere Is[39m(B[m  [36m^K[39m(B[m [32mCut[53G[36m^T[39m(B[m [32mExecute[39m(B[m   [36m^C[39m(B[m [32mLocation[24d[36m^X[39m(B[m [32mExit[14G[36m^R[39m(B[m [32mRead File[39m(B[m [36m^\[39m(B[m [32mReplace[39m(B[m   [36m^U[39m(B[m [32mPaste[39m(B[m     [36m^J[39m(B[m [32mJustify[39m(B[m   [36m^/[39m(B[m [32mGo To Line[39m(B[m[2d[?12l[?25h[?25l[1;71H(B[0;1m[37m[44mModified[22d[39;49m(B[m[K[1;79H[22;29H(B[0;1m[37m[42m[ Justified paragraph ][39;49m(B[m[2dhead -n 15 octane.pdb | tail -n 5[3d[?12l[?25h[?25l[23;15H[36mP[39m(B[m [32mOlder[39m(B[m     [36mM-F[39m(B[m [32mNew Buffe[36m^S[39m(B[m [32mSpell Chec[36m^J[39m(B[m [32mFull Justi[36m^V[39m(B[m [32mCut Till End[24;2H[36mC[39m(B[m [32mCancel[39m(B[m    [36m^N[39m(B[m [32mNewer[39m(B[m     [36mM-\[39m(B[m [32mPipe Text[36m^Y[39m(B[m [32mLinter[39m(B[m    [36m^O[39m(B[m [32mFormatter[39m(B[m [36m^Z[39m(B[m [32mSuspend[39m(B[m[K[22;29H   (B[0;1m[37m[42m[ Justified file ][39;49m(B[m[K[23;15H[36mO[39m(B[m [32mWrite Out[39m(B[m [36m^F[39m(B[m [32mWhere Is[39m(B[m  [36m^K[39m(B[m [32mCut[39m(B[m       [36m^T[39m(B[m [32mExecute[39m(B[m   [36m^C[39m(B[m [32mLocation[39m(B[m[K[24;2H[36mX[39m(B[m [32mExit[39m(B[m      [36m^R[39m(B[m [32mRead File[39m(B[m [36m^\[39m(B[m [32mReplace[39m(B[m   [36m^U[39m(B[m [32mPaste[39m(B[m     [36m^J[39m(B[m [32mJustify[39m(B[m   [36m^/[39m(B[m [32mGo To Line[39m(B[m[3d[?12l[?25h[?25l[?12l[?25h[?25l[23;15H[36mP[39m(B[m [32mOlder[39m(B[m     [36mM-F[39m(B[m [32mNew Buffe[36m^S[39m(B[m [32mSpell Chec[36m^J[39m(B[m [32mFull Justi[36m^V[39m(B[m [32mCut Till End[24;2H[36mC[39m(B[m [32mCancel[39m(B[m    [36m^N[39m(B[m [32mNewer[39m(B[m     [36mM-\[39m(B[m [32mPipe Text[36m^Y[39m(B[m [32mLinter[39m(B[m    [36m^O[39m(B[m [32mFormatter[39m(B[m [36m^Z[39m(B[m [32mSuspend[39m(B[m[K[22;50H[23;15H[36mO[39m(B[m [32mWrite Out[39m(B[m [36m^F[39m(B[m [32mWhere Is[39m(B[m  [36m^K[39m(B[m [32mCut[39m(B[m       [36m^T[39m(B[m [32mExecute[39m(B[m   [36m^C[39m(B[m [32mLocation[39m(B[m[K[24;2H[36mX[39m(B[m [32mExit[39m(B[m      [36m^R[39m(B[m [32mRead File[39m(B[m [36m^\[39m(B[m [32mReplace[39m(B[m   [36m^U[39m(B[m [32mPaste[39m(B[m     [36m^J[39m(B[m [32mJustify[39m(B[m   [36m^/[39m(B[m [32mGo To Line[39m(B[m[3d[?12l[?25h[?25l[?12l[?25h[?25l[22d[97m[100mSave modified buffer?[K[23d[39;49m[36m Y[39m(B[m [32mYes[39m(B[m[K[24d[36m N[39m(B[m [32mNo[39m(B[m  [14G   [36m^C[39m(B[m [32mCancel[39m(B[m[K[22;23H[?12l[?25h[?25l[23d[36m^G[39m(B[m [32mHelp[23;21H[36mM-D[39m(B[m [32mDOS Format[41G[36mM-A[39m(B[m [32mAppend[23;61H[36mM-B[39m(B[m [32mBackup File[24d[36m^C[39m(B[m [32mCancel[17G[39m(B[m    [36mM-M[39m(B[m [32mMac Format[41G[36mM-P[39m(B[m [32mPrepend[24;61H[36m^T[39m(B[m [32mBrowse[39m(B[m[22d[97m[100mFile Name to Write: middle.sh[39;49m(B[m[?12l[?25h[?25l[?12l[?25h[?25l[?12l[?25h[?25l   [1K (B[0;1m[37m[42m[ Cancelled ][39;49m(B[m[K[23;14H[36m^O[39m(B[m [32mWrite Out[39m(B[m [36m^F[39m(B[m [32mWhere Is[39m(B[m  [36m^K[39m(B[m [32mCut[39m(B[m       [36m^T[39m(B[m [32mExecute[39m(B[m   [36m^C[39m(B[m [32mLocation[24;2H[36mX[39m(B[m [32mExit[39m(B[m      [36m^R[39m(B[m [32mRead File[39m(B[m [36m^\[39m(B[m [32mReplace[39m(B[m   [36m^U[39m(B[m [32mPaste[39m(B[m     [36m^J[39m(B[m [32mJustify[39m(B[m   [36m^/[39m(B[m [32mGo To Line[39m(B[m[3d[?12l[?25h[?25l[22d[97m[100mSave modified buffer?[K[23d[39;49m[36m Y[39m(B[m [32mYes[39m(B[m[K[24d[36m N[39m(B[m [32mNo[39m(B[m  [14G   [36m^C[39m(B[m [32mCancel[39m(B[m[K[22;23H[?12l[?25h[?25l[23d[36m^G[39m(B[m [32mHelp[23;21H[36mM-D[39m(B[m [32mDOS Format[41G[36mM-A[39m(B[m [32mAppend[23;61H[36mM-B[39m(B[m [32mBackup File[24d[36m^C[39m(B[m [32mCancel[17G[39m(B[m    [36mM-M[39m(B[m [32mMac Format[41G[36mM-P[39m(B[m [32mPrepend[24;61H[36m^T[39m(B[m [32mBrowse[39m(B[m[22d[97m[100mFile Name to Write: middle.sh[39;49m(B[m[?12l[?25h[?25l[?12l[?25h[?25l[?12l[?25h[?25l   [1K (B[0;1m[37m[42m[ Cancelled ][39;49m(B[m[K[23;14H[36m^O[39m(B[m [32mWrite Out[39m(B[m [36m^F[39m(B[m [32mWhere Is[39m(B[m  [36m^K[39m(B[m [32mCut[39m(B[m       [36m^T[39m(B[m [32mExecute[39m(B[m   [36m^C[39m(B[m [32mLocation[24;2H[36mX[39m(B[m [32mExit[39m(B[m      [36m^R[39m(B[m [32mRead File[39m(B[m [36m^\[39m(B[m [32mReplace[39m(B[m   [36m^U[39m(B[m [32mPaste[39m(B[m     [36m^J[39m(B[m [32mJustify[39m(B[m   [36m^/[39m(B[m [32mGo To Line[39m(B[m[22;12H(B[0;1m[37m[42m[ line  2/2 (100%), col  1/ 1 (100%), char 34/34 (100%) ][39;49m(B[m[3d[?12l[?25h[?25l[22d[97m[100mSave modified buffer?[K[23d[39;49m[36m Y[39m(B[m [32mYes[39m(B[m[K[24d[36m N[39m(B[m [32mNo[39m(B[m  [14G   [36m^C[39m(B[m [32mCancel[39m(B[m[K[22;23H[?12l[?25h[?25l[22;33H[1K (B[0;1m[37m[42m[ Cancelled ][39;49m(B[m[K[23d[36m^G[39m(B[m [32mHelp[14G[36m^O[39m(B[m [32mWrite Out[39m(B[m [36m^F[39m(B[m [32mWhere Is[39m(B[m  [36m^K[39m(B[m [32mCut[53G[36m^T[39m(B[m [32mExecute[39m(B[m   [36m^C[39m(B[m [32mLocation[24d[36m^X[39m(B[m [32mExit[14G[36m^R[39m(B[m [32mRead File[39m(B[m [36m^\[39m(B[m [32mReplace[39m(B[m   [36m^U[39m(B[m [32mPaste[39m(B[m     [36m^J[39m(B[m [32mJustify[39m(B[m   [36m^/[39m(B[m [32mGo To Line[39m(B[m[3d[?12l[?25h[?25l[22;12H(B[0;1m[37m[42m[ line  2/2 (100%), col  1/ 1 (100%), char 34/34 (100%) ][39;49m(B[m[3d[?12l[?25h[?25l[?12l[?25h[?25l[22d[97m[100mSave modified buffer?[K[23d[39;49m[36m Y[39m(B[m [32mYes[39m(B[m[K[24d[36m N[39m(B[m [32mNo[39m(B[m  [14G   [36m^C[39m(B[m [32mCancel[39m(B[m[K[22;23H[?12l[?25h[?25l[23d[36m^G[39m(B[m [32mHelp[23;21H[36mM-D[39m(B[m [32mDOS Format[41G[36mM-A[39m(B[m [32mAppend[23;61H[36mM-B[39m(B[m [32mBackup File[24d[36m^C[39m(B[m [32mCancel[17G[39m(B[m    [36mM-M[39m(B[m [32mMac Format[41G[36mM-P[39m(B[m [32mPrepend[24;61H[36m^T[39m(B[m [32mBrowse[39m(B[m[22d[97m[100mFile Name to Write: middle.sh[39;49m(B[m[?12l[?25h[?25l[?12l[?25h[?25l[?12l[?25h[?25l   [1K (B[0;1m[37m[42m[ Cancelled ][39;49m(B[m[K[23;14H[36m^O[39m(B[m [32mWrite Out[39m(B[m [36m^F[39m(B[m [32mWhere Is[39m(B[m  [36m^K[39m(B[m [32mCut[39m(B[m       [36m^T[39m(B[m [32mExecute[39m(B[m   [36m^C[39m(B[m [32mLocation[24;2H[36mX[39m(B[m [32mExit[39m(B[m      [36m^R[39m(B[m [32mRead File[39m(B[m [36m^\[39m(B[m [32mReplace[39m(B[m   [36m^U[39m(B[m [32mPaste[39m(B[m     [36m^J[39m(B[m [32mJustify[39m(B[m   [36m^/[39m(B[m [32mGo To Line[39m(B[m[22d[97m[100mSave modified buffer?[K[23d[39;49m[36m Y[39m(B[m [32mYes[39m(B[m[K[24d[36m N[39m(B[m [32mNo[39m(B[m  [14G   [36m^C[39m(B[m [32mCancel[39m(B[m[K[22;23H[?12l[?25h[?25l[J[24d[?12l[?25h[24;1H[?1049l[23;0;0t[?1l>[?2004l[?2004h]0;MINGW64:/c/Users/apoor/TigerOfficeFilesImportant/shell-lesson-data/exercise-data/alkanes
[32mapoorva@DESKTOP-LO88R84 [35mMINGW64 [33m~/TigerOfficeFilesImportant/shell-lesson-data/exercise-data/alkanes[36m[0m
$ nan[K[K[Knano middle.sh
[?2004l[?2004h[?1049h[22;0;0t[1;24r(B[m[4l[?7h[39;49m[?1h=[?1h=[?25l[39;49m(B[m[H[2J[22;35H(B[0;1m[37m[42m[ New File ][39;49m(B[m[H(B[0;1m[37m[44m  GNU nano 8.2[23X[1;38Hmiddle.sh[K[79G[39;49m(B[m[23d[36m^G[39m(B[m [32mHelp[14G[36m^O[39m(B[m [32mWrite Out[39m(B[m [36m^F[39m(B[m [32mWhere Is[39m(B[m  [36m^K[39m(B[m [32mCut[53G[36m^T[39m(B[m [32mExecute[39m(B[m   [36m^C[39m(B[m [32mLocation[24d[36m^X[39m(B[m [32mExit[14G[36m^R[39m(B[m [32mRead File[39m(B[m [36m^\[39m(B[m [32mReplace[39m(B[m   [36m^U[39m(B[m [32mPaste[39m(B[m     [36m^J[39m(B[m [32mJustify[39m(B[m   [36m^/[39m(B[m [32mGo To Line[39m(B[m[2d[?12l[?25h[?25l[1;71H(B[0;1m[37m[44mModified[22d[39;49m(B[m[K[1;79H[23;14H       [36mM-D[39m(B[m [32mDOS Format[39m(B[m      [36mM-A[39m(B[m [32mAppend[39m(B[m          [36mM-B[39m(B[m [32mBackup File[39m(B[m[K[24;2H[36mC[39m(B[m [32mCancel[39m(B[m           [36mM-M[39m(B[m [32mMac Format[39m(B[m      [36mM-P[39m(B[m [32mPrepend[39m(B[m         [36m^T[39m(B[m [32mBrowse[39m(B[m[K[22d[97m[100mFile Name to Write: middle.s[K[39;49m(B[m[?12l[?25h[?25l[?12l[?25h[?25l    [1K (B[0;1m[37m[42m[ Cancelled ][39;49m(B[m[K[23;14H[36m^O[39m(B[m [32mWrite Out[39m(B[m [36m^F[39m(B[m [32mWhere Is[39m(B[m  [36m^K[39m(B[m [32mCut[39m(B[m       [36m^T[39m(B[m [32mExecute[39m(B[m   [36m^C[39m(B[m [32mLocation[24;2H[36mX[39m(B[m [32mExit[39m(B[m      [36m^R[39m(B[m [32mRead File[39m(B[m [36m^\[39m(B[m [32mReplace[39m(B[m   [36m^U[39m(B[m [32mPaste[39m(B[m     [36m^J[39m(B[m [32mJustify[39m(B[m   [36m^/[39m(B[m [32mGo To Line[39m(B[m[22;29H(B[0;1m[37m[42m[ Justified paragraph ][39;49m(B[m[2dhead -n 15 octane.pdb[3d[?12l[?25h[?25l[?12l[?25h[?25l[22d[97m[100mSave modified buffer?[K[23d[39;49m[36m Y[39m(B[m [32mYes[39m(B[m[K[24d[36m N[39m(B[m [32mNo[39m(B[m  [14G   [36m^C[39m(B[m [32mCancel[39m(B[m[K[22;23H[?12l[?25h[?25l[23d[36m^G[39m(B[m [32mHelp[23;21H[36mM-D[39m(B[m [32mDOS Format[41G[36mM-A[39m(B[m [32mAppend[23;61H[36mM-B[39m(B[m [32mBackup File[24d[36m^C[39m(B[m [32mCancel[17G[39m(B[m    [36mM-M[39m(B[m [32mMac Format[41G[36mM-P[39m(B[m [32mPrepend[24;61H[36m^T[39m(B[m [32mBrowse[39m(B[m[22d[97m[100mFile Name to Write: middle.sh[39;49m(B[m[?12l[?25h[?25l   [1K (B[0;1m[37m[42m[ Cancelled ][39;49m(B[m[K[23;14H[36m^O[39m(B[m [32mWrite Out[39m(B[m [36m^F[39m(B[m [32mWhere Is[39m(B[m  [36m^K[39m(B[m [32mCut[39m(B[m       [36m^T[39m(B[m [32mExecute[39m(B[m   [36m^C[39m(B[m [32mLocation[24;2H[36mX[39m(B[m [32mExit[39m(B[m      [36m^R[39m(B[m [32mRead File[39m(B[m [36m^\[39m(B[m [32mReplace[39m(B[m   [36m^U[39m(B[m [32mPaste[39m(B[m     [36m^J[39m(B[m [32mJustify[39m(B[m   [36m^/[39m(B[m [32mGo To Line[39m(B[m[3d[?12l[?25h[?25l[22d[97m[100mSave modified buffer?[K[23d[39;49m[36m Y[39m(B[m [32mYes[39m(B[m[K[24d[36m N[39m(B[m [32mNo[39m(B[m  [14G   [36m^C[39m(B[m [32mCancel[39m(B[m[K[22;23H[?12l[?25h[?25l[J[24d[?12l[?25h[24;1H[?1049l[23;0;0t[?1l>[?2004l[?2004h]0;MINGW64:/c/Users/apoor/TigerOfficeFilesImportant/shell-lesson-data/exercise-data/alkanes
[32mapoorva@DESKTOP-LO88R84 [35mMINGW64 [33m~/TigerOfficeFilesImportant/shell-lesson-data/exercise-data/alkanes[36m[0m
$ nano m[K[K[K[K[K[K[?5h[?5lnano middle.sh
[?2004l[?2004h[?1049h[22;0;0t[1;24r(B[m[4l[?7h[39;49m[?1h=[?1h=[?25l[39;49m(B[m[H[2J[22;35H(B[0;1m[37m[42m[ New File ][39;49m(B[m[H(B[0;1m[37m[44m  GNU nano 8.2[23X[1;38Hmiddle.sh[K[79G[39;49m(B[m[23d[36m^G[39m(B[m [32mHelp[14G[36m^O[39m(B[m [32mWrite Out[39m(B[m [36m^F[39m(B[m [32mWhere Is[39m(B[m  [36m^K[39m(B[m [32mCut[53G[36m^T[39m(B[m [32mExecute[39m(B[m   [36m^C[39m(B[m [32mLocation[24d[36m^X[39m(B[m [32mExit[14G[36m^R[39m(B[m [32mRead File[39m(B[m [36m^\[39m(B[m [32mReplace[39m(B[m   [36m^U[39m(B[m [32mPaste[39m(B[m     [36m^J[39m(B[m [32mJustify[39m(B[m   [36m^/[39m(B[m [32mGo To Line[39m(B[m[2d[?12l[?25h[?25l[1;71H(B[0;1m[37m[44mModified[22d[39;49m(B[m[K[1;79H[22;29H(B[0;1m[37m[42m[ Justified paragraph ][39;49m(B[m[2dhead -n 15 octane.pdb | tail -n 5[3d[?12l[?25h[?25l[23;14H       [36mM-D[39m(B[m [32mDOS Format[39m(B[m      [36mM-A[39m(B[m [32mAppend[39m(B[m          [36mM-B[39m(B[m [32mBackup File[39m(B[m[K[24;2H[36mC[39m(B[m [32mCancel[39m(B[m           [36mM-M[39m(B[m [32mMac Format[39m(B[m      [36mM-P[39m(B[m [32mPrepend[39m(B[m         [36m^T[39m(B[m [32mBrowse[39m(B[m[K[22d[97m[100mFile Name to Write: middle.sh[K[39;49m(B[m[?12l[?25h[?25l[C[97m[100mM-D[39;49m(B[m[?12l[?25h[?25l[?12l[?25h[?25l[?12l[?25h[?25l[?12l[?25h[?25l[1K (B[0;1m[37m[42m[ Cancelled ][39;49m(B[m[K[23;14H[36m^O[39m(B[m [32mWrite Out[39m(B[m [36m^F[39m(B[m [32mWhere Is[39m(B[m  [36m^K[39m(B[m [32mCut[39m(B[m       [36m^T[39m(B[m [32mExecute[39m(B[m   [36m^C[39m(B[m [32mLocation[24;2H[36mX[39m(B[m [32mExit[39m(B[m      [36m^R[39m(B[m [32mRead File[39m(B[m [36m^\[39m(B[m [32mReplace[39m(B[m   [36m^U[39m(B[m [32mPaste[39m(B[m     [36m^J[39m(B[m [32mJustify[39m(B[m   [36m^/[39m(B[m [32mGo To Line[39m(B[m[3d[?12l[?25h[?25l[22;29H(B[0;1m[37m[42m[ Justified paragraph ][39;49m(B[m[2;35Hx[3d[?12l[?25h[?25l[22d[97m[100mSave modified buffer?[K[23d[39;49m[36m Y[39m(B[m [32mYes[39m(B[m[K[24d[36m N[39m(B[m [32mNo[39m(B[m  [14G   [36m^C[39m(B[m [32mCancel[39m(B[m[K[22;23H[?12l[?25h[?25l[23d[36m^G[39m(B[m [32mHelp[23;21H[36mM-D[39m(B[m [32mDOS Format[41G[36mM-A[39m(B[m [32mAppend[23;61H[36mM-B[39m(B[m [32mBackup File[24d[36m^C[39m(B[m [32mCancel[17G[39m(B[m    [36mM-M[39m(B[m [32mMac Format[41G[36mM-P[39m(B[m [32mPrepend[24;61H[36m^T[39m(B[m [32mBrowse[39m(B[m[22d[97m[100mFile Name to Write: middle.sh[39;49m(B[m[?12l[?25h[?25l   [1K (B[0;1m[37m[42m[ Cancelled ][39;49m(B[m[K[23;14H[36m^O[39m(B[m [32mWrite Out[39m(B[m [36m^F[39m(B[m [32mWhere Is[39m(B[m  [36m^K[39m(B[m [32mCut[39m(B[m       [36m^T[39m(B[m [32mExecute[39m(B[m   [36m^C[39m(B[m [32mLocation[24;2H[36mX[39m(B[m [32mExit[39m(B[m      [36m^R[39m(B[m [32mRead File[39m(B[m [36m^\[39m(B[m [32mReplace[39m(B[m   [36m^U[39m(B[m [32mPaste[39m(B[m     [36m^J[39m(B[m [32mJustify[39m(B[m   [36m^/[39m(B[m [32mGo To Line[39m(B[m[3d[?12l[?25h[?25l[?12l[?25h[?25l[22;12H(B[0;1m[37m[42m[ line  2/2 (100%), col  1/ 1 (100%), char 36/36 (100%) ][39;49m(B[m[3d[?12l[?25h[?25l[22d[97m[100mSave modified buffer?[K[23d[39;49m[36m Y[39m(B[m [32mYes[39m(B[m[K[24d[36m N[39m(B[m [32mNo[39m(B[m  [14G   [36m^C[39m(B[m [32mCancel[39m(B[m[K[22;23H[?12l[?25h[?25l[J[24d[?12l[?25h[24;1H[?1049l[23;0;0t[?1l>[?2004l[?2004h]0;MINGW64:/c/Users/apoor/TigerOfficeFilesImportant/shell-lesson-data/exercise-data/alkanes
[32mapoorva@DESKTOP-LO88R84 [35mMINGW64 [33m~/TigerOfficeFilesImportant/shell-lesson-data/exercise-data/alkanes[36m[0m
$ nano middle.sh
[?2004l[?2004h[?1049h[22;0;0t[1;24r(B[m[4l[?7h[39;49m[?1h=[?1h=[?25l[39;49m(B[m[H[2J[22;35H(B[0;1m[37m[42m[ New File ][39;49m(B[m[H(B[0;1m[37m[44m  GNU nano 8.2[23X[1;38Hmiddle.sh[K[79G[39;49m(B[m[23d[36m^G[39m(B[m [32mHelp[14G[36m^O[39m(B[m [32mWrite Out[39m(B[m [36m^F[39m(B[m [32mWhere Is[39m(B[m  [36m^K[39m(B[m [32mCut[53G[36m^T[39m(B[m [32mExecute[39m(B[m   [36m^C[39m(B[m [32mLocation[24d[36m^X[39m(B[m [32mExit[14G[36m^R[39m(B[m [32mRead File[39m(B[m [36m^\[39m(B[m [32mReplace[39m(B[m   [36m^U[39m(B[m [32mPaste[39m(B[m     [36m^J[39m(B[m [32mJustify[39m(B[m   [36m^/[39m(B[m [32mGo To Line[39m(B[m[2d[?12l[?25h[?25l[1;71H(B[0;1m[37m[44mModified[22d[39;49m(B[m[K[1;79H[22;29H(B[0;1m[37m[42m[ Justified paragraph ][39;49m(B[m[2dhead -n 15 octane.pdb | tail -n 5[3d[?12l[?25h[?25l[23;14H       [36mM-D[39m(B[m [32mDOS Format[39m(B[m      [36mM-A[39m(B[m [32mAppend[39m(B[m          [36mM-B[39m(B[m [32mBackup File[39m(B[m[K[24;2H[36mC[39m(B[m [32mCancel[39m(B[m           [36mM-M[39m(B[m [32mMac Format[39m(B[m      [36mM-P[39m(B[m [32mPrepend[39m(B[m         [36m^T[39m(B[m [32mBrowse[39m(B[m[K[22d[97m[100mFile Name to Write: middle.sh[K[39;49m(B[m[?12l[?25h[?25l[?12l[?25h[?25l[?12l[?25h[?25l[?12l[?25h[?25l   [1K (B[0;1m[37m[42m[ Cancelled ][39;49m(B[m[K[23;14H[36m^O[39m(B[m [32mWrite Out[39m(B[m [36m^F[39m(B[m [32mWhere Is[39m(B[m  [36m^K[39m(B[m [32mCut[39m(B[m       [36m^T[39m(B[m [32mExecute[39m(B[m   [36m^C[39m(B[m [32mLocation[24;2H[36mX[39m(B[m [32mExit[39m(B[m      [36m^R[39m(B[m [32mRead File[39m(B[m [36m^\[39m(B[m [32mReplace[39m(B[m   [36m^U[39m(B[m [32mPaste[39m(B[m     [36m^J[39m(B[m [32mJustify[39m(B[m   [36m^/[39m(B[m [32mGo To Line[39m(B[m[3d[?12l[?25h[?25l[23;14H       [36mM-D[39m(B[m [32mDOS Format[39m(B[m      [36mM-A[39m(B[m [32mAppend[39m(B[m          [36mM-B[39m(B[m [32mBackup File[39m(B[m[K[24;2H[36mC[39m(B[m [32mCancel[39m(B[m           [36mM-M[39m(B[m [32mMac Format[39m(B[m      [36mM-P[39m(B[m [32mPrepend[39m(B[m         [36m^T[39m(B[m [32mBrowse[39m(B[m[K[22d[97m[100mFile Name to Write: middle.sh[K[39;49m(B[m[?12l[?25h[?25l[?12l[?25h[?25l[?12l[?25h[?25l[?12l[?25h[?25l[?12l[?25h[?25l[?12l[?25h[?25l[?12l[?25h[?25l[?12l[?25h[?25l[?12l[?25h[?25l   [1K (B[0;1m[37m[42m[ Cancelled ][39;49m(B[m[K[23;14H[36m^O[39m(B[m [32mWrite Out[39m(B[m [36m^F[39m(B[m [32mWhere Is[39m(B[m  [36m^K[39m(B[m [32mCut[39m(B[m       [36m^T[39m(B[m [32mExecute[39m(B[m   [36m^C[39m(B[m [32mLocation[24;2H[36mX[39m(B[m [32mExit[39m(B[m      [36m^R[39m(B[m [32mRead File[39m(B[m [36m^\[39m(B[m [32mReplace[39m(B[m   [36m^U[39m(B[m [32mPaste[39m(B[m     [36m^J[39m(B[m [32mJustify[39m(B[m   [36m^/[39m(B[m [32mGo To Line[39m(B[m[3d[?12l[?25h[?25l[22;29H(B[0;1m[37m[42m[ Justified paragraph ][39;49m(B[m[2;35Hx[3d[?12l[?25h[?25l[?12l[?25h[?25l[22d[97m[100mSave modified buffer?[K[23d[39;49m[36m Y[39m(B[m [32mYes[39m(B[m[K[24d[36m N[39m(B[m [32mNo[39m(B[m  [14G   [36m^C[39m(B[m [32mCancel[39m(B[m[K[22;23H[?12l[?25h[?25l[23d[36m^G[39m(B[m [32mHelp[23;21H[36mM-D[39m(B[m [32mDOS Format[41G[36mM-A[39m(B[m [32mAppend[23;61H[36mM-B[39m(B[m [32mBackup File[24d[36m^C[39m(B[m [32mCancel[17G[39m(B[m    [36mM-M[39m(B[m [32mMac Format[41G[36mM-P[39m(B[m [32mPrepend[24;61H[36m^T[39m(B[m [32mBrowse[39m(B[m[22d[97m[100mFile Name to Write: middle.sh[39;49m(B[m[?12l[?25h[?25l[97m[100mmd[39;49m(B[m[?12l[?25h[?25l [1K (B[0;1m[37m[42m[ Cancelled ][39;49m(B[m[K[23;14H[36m^O[39m(B[m [32mWrite Out[39m(B[m [36m^F[39m(B[m [32mWhere Is[39m(B[m  [36m^K[39m(B[m [32mCut[39m(B[m       [36m^T[39m(B[m [32mExecute[39m(B[m   [36m^C[39m(B[m [32mLocation[24;2H[36mX[39m(B[m [32mExit[39m(B[m      [36m^R[39m(B[m [32mRead File[39m(B[m [36m^\[39m(B[m [32mReplace[39m(B[m   [36m^U[39m(B[m [32mPaste[39m(B[m     [36m^J[39m(B[m [32mJustify[39m(B[m   [36m^/[39m(B[m [32mGo To Line[39m(B[m[3d[?12l[?25h[?25l[22d[97m[100mSave modified buffer?[K[23d[39;49m[36m Y[39m(B[m [32mYes[39m(B[m[K[24d[36m N[39m(B[m [32mNo[39m(B[m  [14G   [36m^C[39m(B[m [32mCancel[39m(B[m[K[22;23H[?12l[?25h[?25l[22;33H[1K (B[0;1m[37m[42m[ Cancelled ][39;49m(B[m[K[23d[36m^G[39m(B[m [32mHelp[14G[36m^O[39m(B[m [32mWrite Out[39m(B[m [36m^F[39m(B[m [32mWhere Is[39m(B[m  [36m^K[39m(B[m [32mCut[53G[36m^T[39m(B[m [32mExecute[39m(B[m   [36m^C[39m(B[m [32mLocation[24d[36m^X[39m(B[m [32mExit[14G[36m^R[39m(B[m [32mRead File[39m(B[m [36m^\[39m(B[m [32mReplace[39m(B[m   [36m^U[39m(B[m [32mPaste[39m(B[m     [36m^J[39m(B[m [32mJustify[39m(B[m   [36m^/[39m(B[m [32mGo To Line[39m(B[m[22;12H(B[0;1m[37m[42m[ line  2/2 (100%), col  1/ 1 (100%), char 36/36 (100%) ][39;49m(B[m[3d[?12l[?25h[?25l[22d[97m[100mSave modified buffer?[K[23d[39;49m[36m Y[39m(B[m [32mYes[39m(B[m[K[24d[36m N[39m(B[m [32mNo[39m(B[m  [14G   [36m^C[39m(B[m [32mCancel[39m(B[m[K[22;23H[?12l[?25h[?25l[23d[36m^G[39m(B[m [32mHelp[23;21H[36mM-D[39m(B[m [32mDOS Format[41G[36mM-A[39m(B[m [32mAppend[23;61H[36mM-B[39m(B[m [32mBackup File[24d[36m^C[39m(B[m [32mCancel[17G[39m(B[m    [36mM-M[39m(B[m [32mMac Format[41G[36mM-P[39m(B[m [32mPrepend[24;61H[36m^T[39m(B[m [32mBrowse[39m(B[m[22d[97m[100mFile Name to Write: middle.sh[39;49m(B[m[?12l[?25h[?25l[H(B[0;1m[37m[44m...sers/apoor/TigerOfficeFilesImportant/shell-lesson-data/exercise-data/alkanes/[22;1H[39;49m(B[m[K[1;80H[23;14H[36m^/[39m(B[m [32mGo To Dir[39m(B[m [36m^F[39m(B[m [32mWhere Is[39m(B[m  [36mM-B[39m(B[m [32mPrevious[39m(B[m [36mâ—‚[39m(B[m [32mBack[39m(B[m       [36m^P[39m(B[m [32mPrev Line[24;2H[36mX[39m(B[m [32mClose[39m(B[m     [36m^L[39m(B[m [32mRefresh[39m(B[m   [36m^B[39m(B[m [32mWhere Was[39m(B[m [36mM-F[39m(B[m [32mNext[39m(B[m     [36mâ–¸[39m(B[m [32mForward[39m(B[m    [36m^N[39m(B[m [32mNext Line[39m(B[m[1;80H[2d[97m[45m..       (parent dir)[39;49m(B[m  all.pdb          5 KB  cubane.pdb[64G1 KB[3dethane.pdb     622  B  methane.pdb    422  B  octane.pdb[64G1 KB[4dpentane.pdb[18G1 KB  propane.pdb    825  B[22;31H(B[0;1m[37m[41m[ Unbound key: ^J ][39;49m(B[m[24;78H[22d[K[24;78H[22;31H(B[0;1m[37m[41m[ Unbound key: ^J ][39;49m(B[m[24;78H[22d[K[24;78H[1;80H[2d..       (parent dir)[3d[97m[45methane.pdb     622  B[22;31H(B[0;1m[37m[41m[ Unbound key: ^J ][39;49m(B[m[24;78H[22d[K[24;78H[1;80H[3dethane.pdb     622  B[4d[97m[45mpentane.pdb      1 KB[24;78H[39;49m(B[m[22;31H(B[0;1m[37m[41m[ Unbound key: ^J ][39;49m(B[m[24;78H[22;50H[24;78H[H(B[0;1m[37m[44m  GNU nano 8.2[23X[1;38Hmiddle.sh[24X[1;71HModified[K[22d[39;49m(B[m[K[1;79H[2dhead -n 15 octane.pdb | tail -n 5 x[K[3d[K[4d[K[23;14H       [36mM-D[39m(B[m [32mDOS Format[39m(B[m      [36mM-A[39m(B[m [32mAppend[39m(B[m          [36mM-B[39m(B[m [32mBackup File[39m(B[m[K[24;2H[36mC[39m(B[m [32mCancel[39m(B[m           [36mM-M[39m(B[m [32mMac Format[39m(B[m      [36mM-P[39m(B[m [32mPrepend[39m(B[m         [36m^T[39m(B[m [32mBrowse[39m(B[m[K[22d[97m[100mFile Name to Write: middle.sh[K[39;49m(B[m[?12l[?25h[?25l   [1K (B[0;1m[37m[42m[ Cancelled ][39;49m(B[m[K[23;14H[36m^O[39m(B[m [32mWrite Out[39m(B[m [36m^F[39m(B[m [32mWhere Is[39m(B[m  [36m^K[39m(B[m [32mCut[39m(B[m       [36m^T[39m(B[m [32mExecute[39m(B[m   [36m^C[39m(B[m [32mLocation[24;2H[36mX[39m(B[m [32mExit[39m(B[m      [36m^R[39m(B[m [32mRead File[39m(B[m [36m^\[39m(B[m [32mReplace[39m(B[m   [36m^U[39m(B[m [32mPaste[39m(B[m     [36m^J[39m(B[m [32mJustify[39m(B[m   [36m^/[39m(B[m [32mGo To Line[39m(B[m[3d[?12l[?25h[?25l[22;12H(B[0;1m[37m[42m[ line  2/2 (100%), col  1/ 1 (100%), char 36/36 (100%) ][39;49m(B[m[97m[100mSave modified buffer?[K[23d[39;49m[36m Y[39m(B[m [32mYes[39m(B[m[K[24d[36m N[39m(B[m [32mNo[39m(B[m  [14G   [36m^C[39m(B[m [32mCancel[39m(B[m[K[22;23H[?12l[?25h[?25l[23d[36m^G[39m(B[m [32mHelp[23;21H[36mM-D[39m(B[m [32mDOS Format[41G[36mM-A[39m(B[m [32mAppend[23;61H[36mM-B[39m(B[m [32mBackup File[24d[36m^C[39m(B[m [32mCancel[17G[39m(B[m    [36mM-M[39m(B[m [32mMac Format[41G[36mM-P[39m(B[m [32mPrepend[24;61H[36m^T[39m(B[m [32mBrowse[39m(B[m[22d[97m[100mFile Name to Write: middle.sh[39;49m(B[m[?12l[?25h[?25l[?12l[?25h[?25l[?12l[?25h[?25l   [1K (B[0;1m[37m[42m[ Cancelled ][39;49m(B[m[K[23;14H[36m^O[39m(B[m [32mWrite Out[39m(B[m [36m^F[39m(B[m [32mWhere Is[39m(B[m  [36m^K[39m(B[m [32mCut[39m(B[m       [36m^T[39m(B[m [32mExecute[39m(B[m   [36m^C[39m(B[m [32mLocation[24;2H[36mX[39m(B[m [32mExit[39m(B[m      [36m^R[39m(B[m [32mRead File[39m(B[m [36m^\[39m(B[m [32mReplace[39m(B[m   [36m^U[39m(B[m [32mPaste[39m(B[m     [36m^J[39m(B[m [32mJustify[39m(B[m   [36m^/[39m(B[m [32mGo To Line[39m(B[m[22;29H(B[0;1m[37m[42m[ Justified paragraph ][39;49m(B[m[2;37Hx[3d[?12l[?25h[?25l[22d[97m[100mSave modified buffer?[K[23d[39;49m[36m Y[39m(B[m [32mYes[39m(B[m[K[24d[36m N[39m(B[m [32mNo[39m(B[m  [14G   [36m^C[39m(B[m [32mCancel[39m(B[m[K[22;23H[?12l[?25h[?25l[J[24d[?12l[?25h[24;1H[?1049l[23;0;0t[?1l>[?2004l[?2004h]0;MINGW64:/c/Users/apoor/TigerOfficeFilesImportant/shell-lesson-data/exercise-data/alkanes
[32mapoorva@DESKTOP-LO88R84 [35mMINGW64 [33m~/TigerOfficeFilesImportant/shell-lesson-data/exercise-data/alkanes[36m[0m
$ nano middle.sh
[?2004l[?2004h[?1049h[22;0;0t[1;24r(B[m[4l[?7h[39;49m[?1h=[?1h=[?25l[39;49m(B[m[H[2J[22;35H(B[0;1m[37m[42m[ New File ][39;49m(B[m[H(B[0;1m[37m[44m  GNU nano 8.2[23X[1;38Hmiddle.sh[K[79G[39;49m(B[m[23d[36m^G[39m(B[m [32mHelp[14G[36m^O[39m(B[m [32mWrite Out[39m(B[m [36m^F[39m(B[m [32mWhere Is[39m(B[m  [36m^K[39m(B[m [32mCut[53G[36m^T[39m(B[m [32mExecute[39m(B[m   [36m^C[39m(B[m [32mLocation[24d[36m^X[39m(B[m [32mExit[14G[36m^R[39m(B[m [32mRead File[39m(B[m [36m^\[39m(B[m [32mReplace[39m(B[m   [36m^U[39m(B[m [32mPaste[39m(B[m     [36m^J[39m(B[m [32mJustify[39m(B[m   [36m^/[39m(B[m [32mGo To Line[39m(B[m[2d[?12l[?25h[?25l[1;71H(B[0;1m[37m[44mModified[22d[39;49m(B[m[K[1;79H[23;14H       [36mM-D[39m(B[m [32mDOS Format[39m(B[m      [36mM-A[39m(B[m [32mAppend[39m(B[m          [36mM-B[39m(B[m [32mBackup File[39m(B[m[K[24;2H[36mC[39m(B[m [32mCancel[39m(B[m           [36mM-M[39m(B[m [32mMac Format[39m(B[m      [36mM-P[39m(B[m [32mPrepend[39m(B[m         [36m^T[39m(B[m [32mBrowse[39m(B[m[K[22d[97m[100mFile Name to Write: middle.sh[K[39;49m(B[m[?12l[?25h[?25l[?12l[?25h[?25l[?12l[?25h[?25l[?12l[?25h[?25l[?12l[?25h[?25l[?12l[?25h[?25l   [1K (B[0;1m[37m[42m[ Cancelled ][39;49m(B[m[K[23;14H[36m^O[39m(B[m [32mWrite Out[39m(B[m [36m^F[39m(B[m [32mWhere Is[39m(B[m  [36m^K[39m(B[m [32mCut[39m(B[m       [36m^T[39m(B[m [32mExecute[39m(B[m   [36m^C[39m(B[m [32mLocation[24;2H[36mX[39m(B[m [32mExit[39m(B[m      [36m^R[39m(B[m [32mRead File[39m(B[m [36m^\[39m(B[m [32mReplace[39m(B[m   [36m^U[39m(B[m [32mPaste[39m(B[m     [36m^J[39m(B[m [32mJustify[39m(B[m   [36m^/[39m(B[m [32mGo To Line[39m(B[m[22;29H(B[0;1m[37m[42m[ Justified paragraph ][39;49m(B[m[2dhead -n 15 octane.pdb | tail -n 5[3d[?12l[?25h[?25l[23;14H       [36mM-D[39m(B[m [32mDOS Format[39m(B[m      [36mM-A[39m(B[m [32mAppend[39m(B[m          [36mM-B[39m(B[m [32mBackup File[39m(B[m[K[24;2H[36mC[39m(B[m [32mCancel[39m(B[m           [36mM-M[39m(B[m [32mMac Format[39m(B[m      [36mM-P[39m(B[m [32mPrepend[39m(B[m         [36m^T[39m(B[m [32mBrowse[39m(B[m[K[22d[97m[100mFile Name to Write: middle.sh[K[39;49m(B[m[?12l[?25h[?25l[?12l[?25h[?25l[?12l[?25h[?25l   [1K (B[0;1m[37m[42m[ Cancelled ][39;49m(B[m[K[23;14H[36m^O[39m(B[m [32mWrite Out[39m(B[m [36m^F[39m(B[m [32mWhere Is[39m(B[m  [36m^K[39m(B[m [32mCut[39m(B[m       [36m^T[39m(B[m [32mExecute[39m(B[m   [36m^C[39m(B[m [32mLocation[24;2H[36mX[39m(B[m [32mExit[39m(B[m      [36m^R[39m(B[m [32mRead File[39m(B[m [36m^\[39m(B[m [32mReplace[39m(B[m   [36m^U[39m(B[m [32mPaste[39m(B[m     [36m^J[39m(B[m [32mJustify[39m(B[m   [36m^/[39m(B[m [32mGo To Line[39m(B[m[3d[?12l[?25h[?25l[?12l[?25h[?25l[?12l[?25h[?25l[22d[97m[100mSave modified buffer?[K[23d[39;49m[36m Y[39m(B[m [32mYes[39m(B[m[K[24d[36m N[39m(B[m [32mNo[39m(B[m  [14G   [36m^C[39m(B[m [32mCancel[39m(B[m[K[22;23H[?12l[?25h[?25l[23d[36m^G[39m(B[m [32mHelp[23;21H[36mM-D[39m(B[m [32mDOS Format[41G[36mM-A[39m(B[m [32mAppend[23;61H[36mM-B[39m(B[m [32mBackup File[24d[36m^C[39m(B[m [32mCancel[17G[39m(B[m    [36mM-M[39m(B[m [32mMac Format[41G[36mM-P[39m(B[m [32mPrepend[24;61H[36m^T[39m(B[m [32mBrowse[39m(B[m[22d[97m[100mFile Name to Write: middle.sh[39;49m(B[m[?12l[?25h[?25l[?12l[?25h[?25l   [1K (B[0;1m[37m[42m[ Cancelled ][39;49m(B[m[K[23;14H[36m^O[39m(B[m [32mWrite Out[39m(B[m [36m^F[39m(B[m [32mWhere Is[39m(B[m  [36m^K[39m(B[m [32mCut[39m(B[m       [36m^T[39m(B[m [32mExecute[39m(B[m   [36m^C[39m(B[m [32mLocation[24;2H[36mX[39m(B[m [32mExit[39m(B[m      [36m^R[39m(B[m [32mRead File[39m(B[m [36m^\[39m(B[m [32mReplace[39m(B[m   [36m^U[39m(B[m [32mPaste[39m(B[m     [36m^J[39m(B[m [32mJustify[39m(B[m   [36m^/[39m(B[m [32mGo To Line[39m(B[m[3d[?12l[?25h[?25l[23;14H       [36mM-D[39m(B[m [32mDOS Format[39m(B[m      [36mM-A[39m(B[m [32mAppend[39m(B[m          [36mM-B[39m(B[m [32mBackup File[39m(B[m[K[24;2H[36mC[39m(B[m [32mCancel[39m(B[m           [36mM-M[39m(B[m [32mMac Format[39m(B[m      [36mM-P[39m(B[m [32mPrepend[39m(B[m         [36m^T[39m(B[m [32mBrowse[39m(B[m[K[22d[97m[100mFile Name to Write: middle.sh[K[39;49m(B[m[?12l[?25h[?25l[?12l[?25h[?25l   [1K (B[0;1m[37m[42m[ Cancelled ][39;49m(B[m[K[23;14H[36m^O[39m(B[m [32mWrite Out[39m(B[m [36m^F[39m(B[m [32mWhere Is[39m(B[m  [36m^K[39m(B[m [32mCut[39m(B[m       [36m^T[39m(B[m [32mExecute[39m(B[m   [36m^C[39m(B[m [32mLocation[24;2H[36mX[39m(B[m [32mExit[39m(B[m      [36m^R[39m(B[m [32mRead File[39m(B[m [36m^\[39m(B[m [32mReplace[39m(B[m   [36m^U[39m(B[m [32mPaste[39m(B[m     [36m^J[39m(B[m [32mJustify[39m(B[m   [36m^/[39m(B[m [32mGo To Line[39m(B[m[3d[?12l[?25h[?25l[22d[97m[100mSave modified buffer?[K[23d[39;49m[36m Y[39m(B[m [32mYes[39m(B[m[K[24d[36m N[39m(B[m [32mNo[39m(B[m  [14G   [36m^C[39m(B[m [32mCancel[39m(B[m[K[22;23H[?12l[?25h[?25l[J[24d[?12l[?25h[24;1H[?1049l[23;0;0t[?1l>[?2004l[?2004h]0;MINGW64:/c/Users/apoor/TigerOfficeFilesImportant/shell-lesson-data/exercise-data/alkanes
[32mapoorva@DESKTOP-LO88R84 [35mMINGW64 [33m~/TigerOfficeFilesImportant/shell-lesson-data/exercise-data/alkanes[36m[0m
$ nano middle.sh[K[K[K[Kwe.sc[Kh
[?2004l[?2004h[?1049h[22;0;0t[1;24r(B[m[4l[?7h[39;49m[?1h=[?1h=[?25l[39;49m(B[m[H[2J[22;35H(B[0;1m[37m[42m[ New File ][39;49m(B[m[H(B[0;1m[37m[44m  GNU nano 8.2[23X[1;38Hmiddlwe.sh[K[79G[39;49m(B[m[23d[36m^G[39m(B[m [32mHelp[14G[36m^O[39m(B[m [32mWrite Out[39m(B[m [36m^F[39m(B[m [32mWhere Is[39m(B[m  [36m^K[39m(B[m [32mCut[53G[36m^T[39m(B[m [32mExecute[39m(B[m   [36m^C[39m(B[m [32mLocation[24d[36m^X[39m(B[m [32mExit[14G[36m^R[39m(B[m [32mRead File[39m(B[m [36m^\[39m(B[m [32mReplace[39m(B[m   [36m^U[39m(B[m [32mPaste[39m(B[m     [36m^J[39m(B[m [32mJustify[39m(B[m   [36m^/[39m(B[m [32mGo To Line[39m(B[m[2d[?12l[?25h[?25l[1;71H(B[0;1m[37m[44mModified[22d[39;49m(B[m[K[1;79H[22;29H(B[0;1m[37m[42m[ Justified paragraph ][39;49m(B[m[2dhead -n 15 octane.pdb | tail -n 5[3d[?12l[?25h[?25l[23;14H       [36mM-D[39m(B[m [32mDOS Format[39m(B[m      [36mM-A[39m(B[m [32mAppend[39m(B[m          [36mM-B[39m(B[m [32mBackup File[39m(B[m[K[24;2H[36mC[39m(B[m [32mCancel[39m(B[m           [36mM-M[39m(B[m [32mMac Format[39m(B[m      [36mM-P[39m(B[m [32mPrepend[39m(B[m         [36m^T[39m(B[m [32mBrowse[39m(B[m[K[22d[97m[100mFile Name to Write: middlwe.sh[K[39;49m(B[m[?12l[?25h[?25l[?12l[?25h[?25l[?12l[?25h[?25l[?12l[?25h[?25l[?12l[?25h[?25l[?12l[?25h[?25l[?12l[?25h[?25l[?12l[?25h[?25l[?12l[?25h[?25l[?12l[?25h[?25l[?12l[?25h[?25l[?12l[?25h[?25l[?12l[?25h[?25l[?12l[?25h[?25l[?12l[?25h[?25l[?12l[?25h[?25l[?12l[?25h[?25l[K[23;2H[36mL[39m(B[m [32mRefresh[39m(B[m   [36m^F[39m(B[m [32mWhere Is[39m(B[m  [36mM-B[39m(B[m [32mPrevious[39m(B[m [36m^P[39m(B[m [32mPrev Line[39m(B[m [36m^Y[39m(B[m [32mPrev Page[39m(B[m [36mM-\[39m(B[m [32mFirst Line[24;2H[36mX[39m(B[m [32mClose[39m(B[m     [36m^B[39m(B[m [32mWhere Was[39m(B[m [36mM-F[39m(B[m [32mNex[40G[36m^N[39m(B[m [32mNext Line[39m(B[m [36m^V[39m(B[m [32mNext Page[39m(B[m [36mM-/[39m(B[m [32mLast Line[39m(B[m[1;30H(B[0;1m[37m[44m[1K Write File Help Text[K[79G[39;49m(B[m[2d[K[3d Type the name that you wish to save the current file as and press Enter[4d to save the file.[6d If you have selected text with the mark, you will be prompted to save[7d only the selected portion to a separate file.  To reduce the chance of[8d overwriting the current file with just a portion of it, the current[9d filename is not the default in this mode.[11d The following function keys are available in Write File mode:[13d^G     (F1)[18GDisplay this help text[14d^C[14;18HCancel the current function[16dM-D[16;18HToggle the use of DOS format[17dM-M[17;18HToggle the use of Mac format[18dM-A[18;18HToggle appending[19dM-P[19;18HToggle prepending[20dM-B[20;18HToggle backing up of the original file[22;31H(B[0;1m[37m[41m[ Unbound key: ^J ][39;49m(B[m[2d[22d[K[23;2H[36mG[39m(B[m [32mHelp[39m(B[m             [36mM-D[39m(B[m [32mDOS Format[39m(B[m      [36mM-A[39m(B[m [32mAppend[39m(B[m          [36mM-B[39m(B[m [32mBackup File[39m(B[m[K[24;2H[36mC[39m(B[m [32mCancel[39m(B[m           [36mM-M[39m(B[m [32mMac Forma[40G[39m(B[m [36mM-P[39m(B[m [32mPrepend[39m(B[m         [36m^T[39m(B[m [32mBrowse[39m(B[m[K[1;3H(B[0;1m[37m[44mGNU nano 8.2[1;31H       middlwe.sh   [1;71HModified[39;49m(B[m[2dhead -n 15 octane.pdb | tail -n 5[3d[K[4d[K[6d[K[7d[K[8d[K[9d[K[11d[K[13d[K[14d[K[16d[K[17d[K[18d[K[19d[K[20d[K[22d[97m[100mFile Name to Write: middlwe.sh[K[39;49m(B[m[?12l[?25h[?25l[?12l[?25h[?25l[?12l[?25h[?25l[?12l[?25h[?25l[97m[100mM-D[39;49m(B[m[?12l[?25h[?25l[?12l[?25h[?25l[?12l[?25h[?25l[?12l[?25h[?25l[1K (B[0;1m[37m[42m[ Cancelled ][39;49m(B[m[K[23;14H[36m^O[39m(B[m [32mWrite Out[39m(B[m [36m^F[39m(B[m [32mWhere Is[39m(B[m  [36m^K[39m(B[m [32mCut[39m(B[m       [36m^T[39m(B[m [32mExecute[39m(B[m   [36m^C[39m(B[m [32mLocation[24;2H[36mX[39m(B[m [32mExit[39m(B[m      [36m^R[39m(B[m [32mRead File[39m(B[m [36m^\[39m(B[m [32mReplace[39m(B[m   [36m^U[39m(B[m [32mPaste[39m(B[m     [36m^J[39m(B[m [32mJustify[39m(B[m   [36m^/[39m(B[m [32mGo To Line[39m(B[m[3d[?12l[?25h[?25l[23;14H       [36mM-D[39m(B[m [32mDOS Format[39m(B[m      [36mM-A[39m(B[m [32mAppend[39m(B[m          [36mM-B[39m(B[m [32mBackup File[39m(B[m[K[24;2H[36mC[39m(B[m [32mCancel[39m(B[m           [36mM-M[39m(B[m [32mMac Format[39m(B[m      [36mM-P[39m(B[m [32mPrepend[39m(B[m         [36m^T[39m(B[m [32mBrowse[39m(B[m[K[22d[97m[100mFile Name to Write: middlwe.sh[K[39;49m(B[m[?12l[?25h[?25l[97m[100mM-P[39;49m(B[m[?12l[?25h[?25l[?12l[?25h[?25l[1K (B[0;1m[37m[42m[ Cancelled ][39;49m(B[m[K[23;14H[36m^O[39m(B[m [32mWrite Out[39m(B[m [36m^F[39m(B[m [32mWhere Is[39m(B[m  [36m^K[39m(B[m [32mCut[39m(B[m       [36m^T[39m(B[m [32mExecute[39m(B[m   [36m^C[39m(B[m [32mLocation[24;2H[36mX[39m(B[m [32mExit[39m(B[m      [36m^R[39m(B[m [32mRead File[39m(B[m [36m^\[39m(B[m [32mReplace[39m(B[m   [36m^U[39m(B[m [32mPaste[39m(B[m     [36m^J[39m(B[m [32mJustify[39m(B[m   [36m^/[39m(B[m [32mGo To Line[39m(B[m[3d[?12l[?25h[?25l[22d[97m[100mSave modified buffer?[K[23d[39;49m[36m Y[39m(B[m [32mYes[39m(B[m[K[24d[36m N[39m(B[m [32mNo[39m(B[m  [14G   [36m^C[39m(B[m [32mCancel[39m(B[m[K[22;23H[?12l[?25h[?25l[23d[36m^G[39m(B[m [32mHelp[23;21H[36mM-D[39m(B[m [32mDOS Format[41G[36mM-A[39m(B[m [32mAppend[23;61H[36mM-B[39m(B[m [32mBackup File[24d[36m^C[39m(B[m [32mCancel[17G[39m(B[m    [36mM-M[39m(B[m [32mMac Format[41G[36mM-P[39m(B[m [32mPrepend[24;61H[36m^T[39m(B[m [32mBrowse[39m(B[m[22d[97m[100mFile Name to Write: middlwe.sh[39;49m(B[m[?12l[?25h[?25l  [1K (B[0;1m[37m[42m[ Cancelled ][39;49m(B[m[K[23;14H[36m^O[39m(B[m [32mWrite Out[39m(B[m [36m^F[39m(B[m [32mWhere Is[39m(B[m  [36m^K[39m(B[m [32mCut[39m(B[m       [36m^T[39m(B[m [32mExecute[39m(B[m   [36m^C[39m(B[m [32mLocation[24;2H[36mX[39m(B[m [32mExit[39m(B[m      [36m^R[39m(B[m [32mRead File[39m(B[m [36m^\[39m(B[m [32mReplace[39m(B[m   [36m^U[39m(B[m [32mPaste[39m(B[m     [36m^J[39m(B[m [32mJustify[39m(B[m   [36m^/[39m(B[m [32mGo To Line[39m(B[m[3d[?12l[?25h[?25l[22d[97m[100mSave modified buffer?[K[23d[39;49m[36m Y[39m(B[m [32mYes[39m(B[m[K[24d[36m N[39m(B[m [32mNo[39m(B[m  [14G   [36m^C[39m(B[m [32mCancel[39m(B[m[K[22;23H[?12l[?25h[?25l[22;33H[1K (B[0;1m[37m[42m[ Cancelled ][39;49m(B[m[K[23d[36m^G[39m(B[m [32mHelp[14G[36m^O[39m(B[m [32mWrite Out[39m(B[m [36m^F[39m(B[m [32mWhere Is[39m(B[m  [36m^K[39m(B[m [32mCut[53G[36m^T[39m(B[m [32mExecute[39m(B[m   [36m^C[39m(B[m [32mLocation[24d[36m^X[39m(B[m [32mExit[14G[36m^R[39m(B[m [32mRead File[39m(B[m [36m^\[39m(B[m [32mReplace[39m(B[m   [36m^U[39m(B[m [32mPaste[39m(B[m     [36m^J[39m(B[m [32mJustify[39m(B[m   [36m^/[39m(B[m [32mGo To Line[39m(B[m[3d[?12l[?25h[?25l[22d[97m[100mSave modified buffer?[K[23d[39;49m[36m Y[39m(B[m [32mYes[39m(B[m[K[24d[36m N[39m(B[m [32mNo[39m(B[m  [14G   [36m^C[39m(B[m [32mCancel[39m(B[m[K[22;23H[?12l[?25h[?25l[23d[36m^G[39m(B[m [32mHelp[23;21H[36mM-D[39m(B[m [32mDOS Format[41G[36mM-A[39m(B[m [32mAppend[23;61H[36mM-B[39m(B[m [32mBackup File[24d[36m^C[39m(B[m [32mCancel[17G[39m(B[m    [36mM-M[39m(B[m [32mMac Format[41G[36mM-P[39m(B[m [32mPrepend[24;61H[36m^T[39m(B[m [32mBrowse[39m(B[m[22d[97m[100mFile Name to Write: middlwe.sh[39;49m(B[m[?12l[?25h[?25l[?12l[?25h[?25l  [1K (B[0;1m[37m[42m[ Cancelled ][39;49m(B[m[K[23;14H[36m^O[39m(B[m [32mWrite Out[39m(B[m [36m^F[39m(B[m [32mWhere Is[39m(B[m  [36m^K[39m(B[m [32mCut[39m(B[m       [36m^T[39m(B[m [32mExecute[39m(B[m   [36m^C[39m(B[m [32mLocation[24;2H[36mX[39m(B[m [32mExit[39m(B[m      [36m^R[39m(B[m [32mRead File[39m(B[m [36m^\[39m(B[m [32mReplace[39m(B[m   [36m^U[39m(B[m [32mPaste[39m(B[m     [36m^J[39m(B[m [32mJustify[39m(B[m   [36m^/[39m(B[m [32mGo To Line[39m(B[m[3d[?12l[?25h[?25l[22d[97m[100mSave modified buffer?[K[23d[39;49m[36m Y[39m(B[m [32mYes[39m(B[m[K[24d[36m N[39m(B[m [32mNo[39m(B[m  [14G   [36m^C[39m(B[m [32mCancel[39m(B[m[K[22;23H[?12l[?25h[?25l[23d[36m^G[39m(B[m [32mHelp[23;21H[36mM-D[39m(B[m [32mDOS Format[41G[36mM-A[39m(B[m [32mAppend[23;61H[36mM-B[39m(B[m [32mBackup File[24d[36m^C[39m(B[m [32mCancel[17G[39m(B[m    [36mM-M[39m(B[m [32mMac Format[41G[36mM-P[39m(B[m [32mPrepend[24;61H[36m^T[39m(B[m [32mBrowse[39m(B[m[22d[97m[100mFile Name to Write: middlwe.sh[39;49m(B[m[?12l[?25h[?25l[?12l[?25h[?25l[?12l[?25h[?25l[?12l[?25h[?25l  [1K (B[0;1m[37m[42m[ Cancelled ][39;49m(B[m[K[23;14H[36m^O[39m(B[m [32mWrite Out[39m(B[m [36m^F[39m(B[m [32mWhere Is[39m(B[m  [36m^K[39m(B[m [32mCut[39m(B[m       [36m^T[39m(B[m [32mExecute[39m(B[m   [36m^C[39m(B[m [32mLocation[24;2H[36mX[39m(B[m [32mExit[39m(B[m      [36m^R[39m(B[m [32mRead File[39m(B[m [36m^\[39m(B[m [32mReplace[39m(B[m   [36m^U[39m(B[m [32mPaste[39m(B[m     [36m^J[39m(B[m [32mJustify[39m(B[m   [36m^/[39m(B[m [32mGo To Line[39m(B[m[3d[?12l[?25h[?25l[22d[97m[100mSave modified buffer?[K[23d[39;49m[36m Y[39m(B[m [32mYes[39m(B[m[K[24d[36m N[39m(B[m [32mNo[39m(B[m  [14G   [36m^C[39m(B[m [32mCancel[39m(B[m[K[22;23H[?12l[?25h[?25l[J[24d[?12l[?25h[24;1H[?1049l[23;0;0t[?1l>[?2004l[?2004h]0;MINGW64:/c/Users/apoor/TigerOfficeFilesImportant/shell-lesson-data/exercise-data/alkanes
[32mapoorva@DESKTOP-LO88R84 [35mMINGW64 [33m~/TigerOfficeFilesImportant/shell-lesson-data/exercise-data/alkanes[36m[0m
$ nano middlwe.sh
[?2004l[?2004h[?1049h[22;0;0t[1;24r(B[m[4l[?7h[39;49m[?1h=[?1h=[?25l[39;49m(B[m[H[2J[22;35H(B[0;1m[37m[42m[ New File ][39;49m(B[m[H(B[0;1m[37m[44m  GNU nano 8.2[23X[1;38Hmiddlwe.sh[K[79G[39;49m(B[m[23d[36m^G[39m(B[m [32mHelp[14G[36m^O[39m(B[m [32mWrite Out[39m(B[m [36m^F[39m(B[m [32mWhere Is[39m(B[m  [36m^K[39m(B[m [32mCut[53G[36m^T[39m(B[m [32mExecute[39m(B[m   [36m^C[39m(B[m [32mLocation[24d[36m^X[39m(B[m [32mExit[14G[36m^R[39m(B[m [32mRead File[39m(B[m [36m^\[39m(B[m [32mReplace[39m(B[m   [36m^U[39m(B[m [32mPaste[39m(B[m     [36m^J[39m(B[m [32mJustify[39m(B[m   [36m^/[39m(B[m [32mGo To Line[39m(B[m[2d[?12l[?25h[?25l[22d[J[24d[?12l[?25h[24;1H[?1049l[23;0;0t[?1l>[?2004l[?2004h]0;MINGW64:/c/Users/apoor/TigerOfficeFilesImportant/shell-lesson-data/exercise-data/alkanes
[32mapoorva@DESKTOP-LO88R84 [35mMINGW64 [33m~/TigerOfficeFilesImportant/shell-lesson-data/exercise-data/alkanes[36m[0m
$ nano middlwe.sh[K[K[K[K[K[K[K[K[K[Kricha.sh
[?2004l[?2004h[?1049h[22;0;0t[1;24r(B[m[4l[?7h[39;49m[?1h=[?1h=[?25l[39;49m(B[m[H[2J[22;35H(B[0;1m[37m[42m[ New File ][39;49m(B[m[H(B[0;1m[37m[44m  GNU nano 8.2[24X[1;39Hricha.sh[K[79G[39;49m(B[m[23d[36m^G[39m(B[m [32mHelp[14G[36m^O[39m(B[m [32mWrite Out[39m(B[m [36m^F[39m(B[m [32mWhere Is[39m(B[m  [36m^K[39m(B[m [32mCut[53G[36m^T[39m(B[m [32mExecute[39m(B[m   [36m^C[39m(B[m [32mLocation[24d[36m^X[39m(B[m [32mExit[14G[36m^R[39m(B[m [32mRead File[39m(B[m [36m^\[39m(B[m [32mReplace[39m(B[m   [36m^U[39m(B[m [32mPaste[39m(B[m     [36m^J[39m(B[m [32mJustify[39m(B[m   [36m^/[39m(B[m [32mGo To Line[39m(B[m[2d[?12l[?25h[?25l[1;71H(B[0;1m[37m[44mModified[22d[39;49m(B[m[K[1;79H[22;29H(B[0;1m[37m[42m[ Justified paragraph ][39;49m(B[m[2dhead -n 15 "$1" | tail -n 5[3d[?12l[?25h[?25l[23;14H       [36mM-D[39m(B[m [32mDOS Format[39m(B[m      [36mM-A[39m(B[m [32mAppend[39m(B[m          [36mM-B[39m(B[m [32mBackup File[39m(B[m[K[24;2H[36mC[39m(B[m [32mCancel[39m(B[m           [36mM-M[39m(B[m [32mMac Format[39m(B[m      [36mM-P[39m(B[m [32mPrepend[39m(B[m         [36m^T[39m(B[m [32mBrowse[39m(B[m[K[22d[97m[100mFile Name to Write: richa.sh[K[39;49m(B[m[?12l[?25h[?25l[?12l[?25h[?25l[?12l[?25h[?25l[97m[100mx[39;49m(B[m[?12l[?25h[?25l[?12l[?25h[?25l[97m[100mc[39;49m(B[m[?12l[?25h[?25l[?12l[?25h[?25l  [1K (B[0;1m[37m[42m[ Cancelled ][39;49m(B[m[K[23;14H[36m^O[39m(B[m [32mWrite Out[39m(B[m [36m^F[39m(B[m [32mWhere Is[39m(B[m  [36m^K[39m(B[m [32mCut[39m(B[m       [36m^T[39m(B[m [32mExecute[39m(B[m   [36m^C[39m(B[m [32mLocation[24;2H[36mX[39m(B[m [32mExit[39m(B[m      [36m^R[39m(B[m [32mRead File[39m(B[m [36m^\[39m(B[m [32mReplace[39m(B[m   [36m^U[39m(B[m [32mPaste[39m(B[m     [36m^J[39m(B[m [32mJustify[39m(B[m   [36m^/[39m(B[m [32mGo To Line[39m(B[m[22d[97m[100mSave modified buffer?[K[23d[39;49m[36m Y[39m(B[m [32mYes[39m(B[m[K[24d[36m N[39m(B[m [32mNo[39m(B[m  [14G   [36m^C[39m(B[m [32mCancel[39m(B[m[K[22;23H[?12l[?25h[?25l[23d[36m^G[39m(B[m [32mHelp[23;21H[36mM-D[39m(B[m [32mDOS Format[41G[36mM-A[39m(B[m [32mAppend[23;61H[36mM-B[39m(B[m [32mBackup File[24d[36m^C[39m(B[m [32mCancel[17G[39m(B[m    [36mM-M[39m(B[m [32mMac Format[41G[36mM-P[39m(B[m [32mPrepend[24;61H[36m^T[39m(B[m [32mBrowse[39m(B[m[22d[97m[100mFile Name to Write: richa.sh[39;49m(B[m[?12l[?25h[?25l[97m[100mD[39;49m(B[m[?12l[?25h[?25l[?12l[?25h[?25l[?12l[?25h[?25l[?12l[?25h[?25l[?12l[?25h[?25l[?12l[?25h[?25l[?12l[?25h[?25l[?12l[?25h[?25l[?12l[?25h[?25l   [1K (B[0;1m[37m[42m[ Cancelled ][39;49m(B[m[K[23;14H[36m^O[39m(B[m [32mWrite Out[39m(B[m [36m^F[39m(B[m [32mWhere Is[39m(B[m  [36m^K[39m(B[m [32mCut[39m(B[m       [36m^T[39m(B[m [32mExecute[39m(B[m   [36m^C[39m(B[m [32mLocation[24;2H[36mX[39m(B[m [32mExit[39m(B[m      [36m^R[39m(B[m [32mRead File[39m(B[m [36m^\[39m(B[m [32mReplace[39m(B[m   [36m^U[39m(B[m [32mPaste[39m(B[m     [36m^J[39m(B[m [32mJustify[39m(B[m   [36m^/[39m(B[m [32mGo To Line[39m(B[m[3d[?12l[?25h[?25l[22;29H(B[0;1m[37m[42m[ Justified paragraph ][39;49m(B[m[2;29HX[3d[?12l[?25h[?25l[22;52H[2;31HX[3d[?12l[?25h[?25l[22;52H[2;33Hx[3d[?12l[?25h[?25l[22d[97m[100mSave modified buffer?[K[23d[39;49m[36m Y[39m(B[m [32mYes[39m(B[m[K[24d[36m N[39m(B[m [32mNo[39m(B[m  [14G   [36m^C[39m(B[m [32mCancel[39m(B[m[K[22;23H[?12l[?25h[?25l[J[24d[?12l[?25h[24;1H[?1049l[23;0;0t[?1l>[?2004l[?2004h]0;MINGW64:/c/Users/apoor/TigerOfficeFilesImportant/shell-lesson-data/exercise-data/alkanes
[32mapoorva@DESKTOP-LO88R84 [35mMINGW64 [33m~/TigerOfficeFilesImportant/shell-lesson-data/exercise-data/alkanes[36m[0m
$ nano Rich.sh
[?2004l[?2004h[?1049h[22;0;0t[1;24r(B[m[4l[?7h[39;49m[?1h=[?1h=[?25l[39;49m(B[m[H[2J[22;35H(B[0;1m[37m[42m[ New File ][39;49m(B[m[H(B[0;1m[37m[44m  GNU nano 8.2[24X[1;39HRich.sh[K[79G[39;49m(B[m[23d[36m^G[39m(B[m [32mHelp[14G[36m^O[39m(B[m [32mWrite Out[39m(B[m [36m^F[39m(B[m [32mWhere Is[39m(B[m  [36m^K[39m(B[m [32mCut[53G[36m^T[39m(B[m [32mExecute[39m(B[m   [36m^C[39m(B[m [32mLocation[24d[36m^X[39m(B[m [32mExit[14G[36m^R[39m(B[m [32mRead File[39m(B[m [36m^\[39m(B[m [32mReplace[39m(B[m   [36m^U[39m(B[m [32mPaste[39m(B[m     [36m^J[39m(B[m [32mJustify[39m(B[m   [36m^/[39m(B[m [32mGo To Line[39m(B[m[2d[?12l[?25h[?25l[1;71H(B[0;1m[37m[44mModified[22d[39;49m(B[m[K[1;79H[23;14H       [36mM-D[39m(B[m [32mDOS Format[39m(B[m      [36mM-A[39m(B[m [32mAppend[39m(B[m          [36mM-B[39m(B[m [32mBackup File[39m(B[m[K[24;2H[36mC[39m(B[m [32mCancel[39m(B[m           [36mM-M[39m(B[m [32mMac Format[39m(B[m      [36mM-P[39m(B[m [32mPrepend[39m(B[m         [36m^T[39m(B[m [32mBrowse[39m(B[m[K[22d[97m[100mFile Name to Write: Rich.sh[K[39;49m(B[m[?12l[?25h[?25l[?12l[?25h[?25l[?12l[?25h[?25l[?12l[?25h[?25l[?12l[?25h[?25l[33G[1K (B[0;1m[37m[42m[ Cancelled ][39;49m(B[m[K[23;14H[36m^O[39m(B[m [32mWrite Out[39m(B[m [36m^F[39m(B[m [32mWhere Is[39m(B[m  [36m^K[39m(B[m [32mCut[39m(B[m       [36m^T[39m(B[m [32mExecute[39m(B[m   [36m^C[39m(B[m [32mLocation[24;2H[36mX[39m(B[m [32mExit[39m(B[m      [36m^R[39m(B[m [32mRead File[39m(B[m [36m^\[39m(B[m [32mReplace[39m(B[m   [36m^U[39m(B[m [32mPaste[39m(B[m     [36m^J[39m(B[m [32mJustify[39m(B[m   [36m^/[39m(B[m [32mGo To Line[39m(B[m[22;29H(B[0;1m[37m[42m[ Justified paragraph ][39;49m(B[m[2dhead -n 15 octane.pdb | tail -n 5[3d[?12l[?25h[?25l[22d[97m[100mSave modified buffer?[K[23d[39;49m[36m Y[39m(B[m [32mYes[39m(B[m[K[24d[36m N[39m(B[m [32mNo[39m(B[m  [14G   [36m^C[39m(B[m [32mCancel[39m(B[m[K[22;23H[?12l[?25h[?25l[23d[36m^G[39m(B[m [32mHelp[23;21H[36mM-D[39m(B[m [32mDOS Format[41G[36mM-A[39m(B[m [32mAppend[23;61H[36mM-B[39m(B[m [32mBackup File[24d[36m^C[39m(B[m [32mCancel[17G[39m(B[m    [36mM-M[39m(B[m [32mMac Format[41G[36mM-P[39m(B[m [32mPrepend[24;61H[36m^T[39m(B[m [32mBrowse[39m(B[m[22d[97m[100mFile Name to Write: Rich.sh[39;49m(B[m[?12l[?25h[?25l[H(B[0;1m[37m[44m...sers/apoor/TigerOfficeFilesImportant/shell-lesson-data/exercise-data/alkanes/[22;1H[39;49m(B[m[K[1;80H[23;14H[36m^/[39m(B[m [32mGo To Dir[39m(B[m [36m^F[39m(B[m [32mWhere Is[39m(B[m  [36mM-B[39m(B[m [32mPrevious[39m(B[m [36mâ—‚[39m(B[m [32mBack[39m(B[m       [36m^P[39m(B[m [32mPrev Line[24;2H[36mX[39m(B[m [32mClose[39m(B[m     [36m^L[39m(B[m [32mRefresh[39m(B[m   [36m^B[39m(B[m [32mWhere Was[39m(B[m [36mM-F[39m(B[m [32mNext[39m(B[m     [36mâ–¸[39m(B[m [32mForward[39m(B[m    [36m^N[39m(B[m [32mNext Line[39m(B[m[1;80H[2d[97m[45m..       (parent dir)[39;49m(B[m  all.pdb   [41G5 KB  cubane.pdb[64G1 KB[3dethane.pdb     622  B  methane.pdb    422  B  octane.pdb[64G1 KB[4dpentane.pdb[18G1 KB  propane.pdb    825  B[22;31H(B[0;1m[37m[41m[ Unbound key: ^J ][39;49m(B[m[24;78H[H[2J(B[0;1m[37m[44m...sers/apoor/TigerOfficeFilesImportant/shell-lesson-data/exercise-data/alkanes/[2;1H(B[0m[97m[45m..       (parent dir)[39;49m(B[m  all.pdb[2;41H5 KB  cubane.pdb[64G1 KB[3dethane.pdb     622  B  methane.pdb    422  B  octane.pdb[64G1 KB[4dpentane.pdb[18G1 KB  propane.pdb    825  B[23d[36m^G[39m(B[m [32mHelp[14G[36m^/[39m(B[m [32mGo To Dir[39m(B[m [36m^F[39m(B[m [32mWhere Is[39m(B[m  [36mM-B[39m(B[m [32mPrevious[39m(B[m [36mâ—‚[39m(B[m [32mBack[66G[36m^P[39m(B[m [32mPrev Line[24d[36m^X[39m(B[m [32mClose[39m(B[m     [36m^L[39m(B[m [32mRefresh[39m(B[m   [36m^B[39m(B[m [32mWhere Was[39m(B[m [36mM-F[39m(B[m [32mNext[39m(B[m     [36mâ–¸[39m(B[m [32mForward[39m(B[m    [36m^N[39m(B[m [32mNext Line[22d[39m(B[m[1;80H[24d[1;80H[22;31H(B[0;1m[37m[41m[ Unbound key: ^J ][39;49m(B[m[24;78H[22d[K[23;14H             [36m^P[39m(B[m [32mOlder[39m(B[m[18X[23;53H[36m^Y[39m(B[m [32mFirst File[39m(B[m[K[24;2H[36mC[39m(B[m [32mCancel[39m(B[m[17X[24;27H[36m^N[39m(B[m [32mNewer[39m(B[m[18X[24;53H[36m^V[39m(B[m [32mLast File[39m(B[m[K[22d[97m[100mSearch:[K [39;49m(B[m[?12l[?25h[?25l[97m[100mRich.sh[39;49m(B[m[?12l[?25h[?25l[?12l[?25h[?25l[?12l[?25h[?25l[22;33H[1K (B[0;1m[37m[42m[ Cancelled ][39;49m(B[m[K[23;14H[36m^/[39m(B[m [32mGo To Dir[39m(B[m [36m^F[39m(B[m [32mWhere Is[39m(B[m  [36mM-B[39m(B[m [32mPrevious[39m(B[m [36mâ—‚[39m(B[m [32mBack[39m(B[m       [36m^P[39m(B[m [32mPrev Line[24;2H[36mX[39m(B[m [32mClose[39m(B[m     [36m^L[39m(B[m [32mRefresh[39m(B[m   [36m^B[39m(B[m [32mWhere Was[39m(B[m [36mM-F[39m(B[m [32mNext[39m(B[m     [36mâ–¸[39m(B[m [32mForward[39m(B[m    [36m^N[39m(B[m [32mNext Line[39m(B[m[22;31H(B[0;1m[37m[41m[ Unbound key: ^J ][39;49m(B[m[24;78H[H(B[0;1m[37m[44m  GNU nano 8.2[24X[1;39HRich.sh[25X[1;71HModified[K[22d[39;49m(B[m[K[1;79H[2dhead -n 15 octane.pdb | tail -n 5[K[3d[K[4d[K[23;14H       [36mM-D[39m(B[m [32mDOS Format[39m(B[m      [36mM-A[39m(B[m [32mAppend[39m(B[m          [36mM-B[39m(B[m [32mBackup File[39m(B[m[K[24;2H[36mC[39m(B[m [32mCancel[39m(B[m           [36mM-M[39m(B[m [32mMac Format[39m(B[m      [36mM-P[39m(B[m [32mPrepend[39m(B[m         [36m^T[39m(B[m [32mBrowse[39m(B[m[K[22d[97m[100mFile Name to Write: Rich.sh[K[39;49m(B[m[?12l[?25h[?25l[97m[100mx[39;49m(B[m[?12l[?25h[?25l[97m[100mx[39;49m(B[m[?12l[?25h[?25l[97m[100mx[39;49m(B[m[?12l[?25h[?25l[?12l[?25h[?25l  [1K (B[0;1m[37m[42m[ Cancelled ][39;49m(B[m[K[23;14H[36m^O[39m(B[m [32mWrite Out[39m(B[m [36m^F[39m(B[m [32mWhere Is[39m(B[m  [36m^K[39m(B[m [32mCut[39m(B[m       [36m^T[39m(B[m [32mExecute[39m(B[m   [36m^C[39m(B[m [32mLocation[24;2H[36mX[39m(B[m [32mExit[39m(B[m      [36m^R[39m(B[m [32mRead File[39m(B[m [36m^\[39m(B[m [32mReplace[39m(B[m   [36m^U[39m(B[m [32mPaste[39m(B[m     [36m^J[39m(B[m [32mJustify[39m(B[m   [36m^/[39m(B[m [32mGo To Line[39m(B[m[3d[?12l[?25h[?25l[22;29H(B[0;1m[37m[42m[ Justified paragraph ][39;49m(B[m[2;35Hx[3d[?12l[?25h[?25l[22;52H[3d[?12l[?25h[?25l[22;52H[2;37HX[3d[?12l[?25h[?25l[?12l[?25h[?25l[22;12H(B[0;1m[37m[42m[ line  2/2 (100%), col  1/ 1 (100%), char 38/38 (100%) ][39;49m(B[m[3d[?12l[?25h[?25l[22d[97m[100mSave modified buffer?[K[23d[39;49m[36m Y[39m(B[m [32mYes[39m(B[m[K[24d[36m N[39m(B[m [32mNo[39m(B[m  [14G   [36m^C[39m(B[m [32mCancel[39m(B[m[K[22;23H[?12l[?25h[?25l[J[24d[?12l[?25h[24;1H[?1049l[23;0;0t[?1l>[?2004l[?2004h]0;MINGW64:/c/Users/apoor/TigerOfficeFilesImportant/shell-lesson-data/exercise-data/alkanes
[32mapoorva@DESKTOP-LO88R84 [35mMINGW64 [33m~/TigerOfficeFilesImportant/shell-lesson-data/exercise-data/alkanes[36m[0m
$ nano Rich.sh
[?2004l[?2004h[?1049h[22;0;0t[1;24r(B[m[4l[?7h[39;49m[?1h=[?1h=[?25l[39;49m(B[m[H[2J[22;35H(B[0;1m[37m[42m[ New File ][39;49m(B[m[H(B[0;1m[37m[44m  GNU nano 8.2[24X[1;39HRich.sh[K[79G[39;49m(B[m[23d[36m^G[39m(B[m [32mHelp[14G[36m^O[39m(B[m [32mWrite Out[39m(B[m [36m^F[39m(B[m [32mWhere Is[39m(B[m  [36m^K[39m(B[m [32mCut[53G[36m^T[39m(B[m [32mExecute[39m(B[m   [36m^C[39m(B[m [32mLocation[24d[36m^X[39m(B[m [32mExit[14G[36m^R[39m(B[m [32mRead File[39m(B[m [36m^\[39m(B[m [32mReplace[39m(B[m   [36m^U[39m(B[m [32mPaste[39m(B[m     [36m^J[39m(B[m [32mJustify[39m(B[m   [36m^/[39m(B[m [32mGo To Line[39m(B[m[2d[?12l[?25h[?25l[1;71H(B[0;1m[37m[44mModified[22d[39;49m(B[m[K[1;79H[23;14H       [36mM-D[39m(B[m [32mDOS Format[39m(B[m      [36mM-A[39m(B[m [32mAppend[39m(B[m          [36mM-B[39m(B[m [32mBackup File[39m(B[m[K[24;2H[36mC[39m(B[m [32mCancel[39m(B[m           [36mM-M[39m(B[m [32mMac Format[39m(B[m      [36mM-P[39m(B[m [32mPrepend[39m(B[m         [36m^T[39m(B[m [32mBrowse[39m(B[m[K[22d[97m[100mFile Name to Write: Rich.sh[K[39;49m(B[m[?12l[?25h[?25l[97m[100m\[39;49m(B[m[?12l[?25h[?25l[?12l[?25h[?25l[?12l[?25h[?25l[?12l[?25h[?25l[?12l[?25h[?25l    [1K (B[0;1m[37m[42m[ Cancelled ][39;49m(B[m[K[23;14H[36m^O[39m(B[m [32mWrite Out[39m(B[m [36m^F[39m(B[m [32mWhere Is[39m(B[m  [36m^K[39m(B[m [32mCut[39m(B[m       [36m^T[39m(B[m [32mExecute[39m(B[m   [36m^C[39m(B[m [32mLocation[24;2H[36mX[39m(B[m [32mExit[39m(B[m      [36m^R[39m(B[m [32mRead File[39m(B[m [36m^\[39m(B[m [32mReplace[39m(B[m   [36m^U[39m(B[m [32mPaste[39m(B[m     [36m^J[39m(B[m [32mJustify[39m(B[m   [36m^/[39m(B[m [32mGo To Line[39m(B[m[22;29H(B[0;1m[37m[42m[ Justified paragraph ][39;49m(B[m[2dhead -n 15 octane.pdb | tail -n 5[3d[?12l[?25h[?25l[22d[97m[100mSave modified buffer?[K[23d[39;49m[36m Y[39m(B[m [32mYes[39m(B[m[K[24d[36m N[39m(B[m [32mNo[39m(B[m  [14G   [36m^C[39m(B[m [32mCancel[39m(B[m[K[22;23H[?12l[?25h[?25l[23d[36m^G[39m(B[m [32mHelp[23;21H[36mM-D[39m(B[m [32mDOS Format[41G[36mM-A[39m(B[m [32mAppend[23;61H[36mM-B[39m(B[m [32mBackup File[24d[36m^C[39m(B[m [32mCancel[17G[39m(B[m    [36mM-M[39m(B[m [32mMac Format[41G[36mM-P[39m(B[m [32mPrepend[24;61H[36m^T[39m(B[m [32mBrowse[39m(B[m[22d[97m[100mFile Name to Write: Rich.sh[39;49m(B[m[?12l[?25h[?25l[?12l[?25h[?25l[?12l[?25h[?25l[?12l[?25h[?25l[?12l[?25h[?25l[?12l[?25h[?25l[?12l[?25h[?25l[33G[1K (B[0;1m[37m[42m[ Cancelled ][39;49m(B[m[K[23;14H[36m^O[39m(B[m [32mWrite Out[39m(B[m [36m^F[39m(B[m [32mWhere Is[39m(B[m  [36m^K[39m(B[m [32mCut[39m(B[m       [36m^T[39m(B[m [32mExecute[39m(B[m   [36m^C[39m(B[m [32mLocation[24;2H[36mX[39m(B[m [32mExit[39m(B[m      [36m^R[39m(B[m [32mRead File[39m(B[m [36m^\[39m(B[m [32mReplace[39m(B[m   [36m^U[39m(B[m [32mPaste[39m(B[m     [36m^J[39m(B[m [32mJustify[39m(B[m   [36m^/[39m(B[m [32mGo To Line[39m(B[m[3d[?12l[?25h[?25l[23;14H       [36mM-D[39m(B[m [32mDOS Format[39m(B[m      [36mM-A[39m(B[m [32mAppend[39m(B[m          [36mM-B[39m(B[m [32mBackup File[39m(B[m[K[24;2H[36mC[39m(B[m [32mCancel[39m(B[m           [36mM-M[39m(B[m [32mMac Format[39m(B[m      [36mM-P[39m(B[m [32mPrepend[39m(B[m         [36m^T[39m(B[m [32mBrowse[39m(B[m[K[22d[97m[100mFile Name to Write: Rich.sh[K[39;49m(B[m[?12l[?25h[?25l[K[23;2H[36mL[39m(B[m [32mRefresh[39m(B[m   [36m^F[39m(B[m [32mWhere Is[39m(B[m  [36mM-B[39m(B[m [32mPrevious[39m(B[m [36m^P[39m(B[m [32mPrev Line[39m(B[m [36m^Y[39m(B[m [32mPrev Page[39m(B[m [36mM-\[39m(B[m [32mFirst Line[24;2H[36mX[39m(B[m [32mClose[39m(B[m     [36m^B[39m(B[m [32mWhere Was[39m(B[m [36mM-F[39m(B[m [32mNex[40G[36m^N[39m(B[m [32mNext Line[39m(B[m [36m^V[39m(B[m [32mNext Page[39m(B[m [36mM-/[39m(B[m [32mLast Line[39m(B[m[1;30H(B[0;1m[37m[44m[1K Write File Help Text[K[79G[39;49m(B[m[2d[K[3d Type the name that you wish to save the current file as and press Enter[4d to save the file.[6d If you have selected text with the mark, you will be prompted to save[7d only the selected portion to a separate file.  To reduce the chance of[8d overwriting the current file with just a portion of it, the current[9d filename is not the default in this mode.[11d The following function keys are available in Write File mode:[13d^G     (F1)[18GDisplay this help text[14d^C[14;18HCancel the current function[16dM-D[16;18HToggle the use of DOS format[17dM-M[17;18HToggle the use of Mac format[18dM-A[18;18HToggle appending[19dM-P[19;18HToggle prepending[20dM-B[20;18HToggle backing up of the original file[22;31H(B[0;1m[37m[41m[ Unbound key: ^J ][39;49m(B[m[2d[22d[K[23;2H[36mG[39m(B[m [32mHelp[39m(B[m             [36mM-D[39m(B[m [32mDOS Format[39m(B[m      [36mM-A[39m(B[m [32mAppend[39m(B[m          [36mM-B[39m(B[m [32mBackup File[39m(B[m[K[24;2H[36mC[39m(B[m [32mCancel[39m(B[m           [36mM-M[39m(B[m [32mMac Forma[40G[39m(B[m [36mM-P[39m(B[m [32mPrepend[39m(B[m         [36m^T[39m(B[m [32mBrowse[39m(B[m[K[1;3H(B[0;1m[37m[44mGNU nano 8.2[1;31H        Rich.sh     [1;71HModified[39;49m(B[m[2dhead -n 15 octane.pdb | tail -n 5[3d[K[4d[K[6d[K[7d[K[8d[K[9d[K[11d[K[13d[K[14d[K[16d[K[17d[K[18d[K[19d[K[20d[K[22d[97m[100mFile Name to Write: Rich.sh[K[39;49m(B[m[?12l[?25h[?25l[?12l[?25h[?25l[33G[1K (B[0;1m[37m[42m[ Cancelled ][39;49m(B[m[K[23;14H[36m^O[39m(B[m [32mWrite Out[39m(B[m [36m^F[39m(B[m [32mWhere Is[39m(B[m  [36m^K[39m(B[m [32mCut[39m(B[m       [36m^T[39m(B[m [32mExecute[39m(B[m   [36m^C[39m(B[m [32mLocation[24;2H[36mX[39m(B[m [32mExit[39m(B[m      [36m^R[39m(B[m [32mRead File[39m(B[m [36m^\[39m(B[m [32mReplace[39m(B[m   [36m^U[39m(B[m [32mPaste[39m(B[m     [36m^J[39m(B[m [32mJustify[39m(B[m   [36m^/[39m(B[m [32mGo To Line[39m(B[m[3d[?12l[?25h[?25l[22d[97m[100mSave modified buffer?[K[23d[39;49m[36m Y[39m(B[m [32mYes[39m(B[m[K[24d[36m N[39m(B[m [32mNo[39m(B[m  [14G   [36m^C[39m(B[m [32mCancel[39m(B[m[K[22;23H[?12l[?25h[?25l[J[24d[?12l[?25h[24;1H[?1049l[23;0;0t[?1l>[?2004l[?2004h]0;MINGW64:/c/Users/apoor/TigerOfficeFilesImportant/shell-lesson-data/exercise-data/alkanes
[32mapoorva@DESKTOP-LO88R84 [35mMINGW64 [33m~/TigerOfficeFilesImportant/shell-lesson-data/exercise-data/alkanes[36m[0m
$ cd ..
[?2004l[?2004h]0;MINGW64:/c/Users/apoor/TigerOfficeFilesImportant/shell-lesson-data/exercise-data
[32mapoorva@DESKTOP-LO88R84 [35mMINGW64 [33m~/TigerOfficeFilesImportant/shell-lesson-data/exercise-data[36m[0m
$ ls
[?2004lalkanes/
animal-counts/
creatures/
numbers.txt
project/
project2/
sorted.txt
writing/
[?2004h]0;MINGW64:/c/Users/apoor/TigerOfficeFilesImportant/shell-lesson-data/exercise-data
[32mapoorva@DESKTOP-LO88R84 [35mMINGW64 [33m~/TigerOfficeFilesImportant/shell-lesson-data/exercise-data[36m[0m
$ cd writing/
[?2004l[?2004h]0;MINGW64:/c/Users/apoor/TigerOfficeFilesImportant/shell-lesson-data/exercise-data/writing
[32mapoorva@DESKTOP-LO88R84 [35mMINGW64 [33m~/TigerOfficeFilesImportant/shell-lesson-data/exercise-data/writing[36m[0m
$ cd [K[K[K[?5h[?5lcat haiku.txt
[?2004lThe Tao that is seen
Is not the true Tao, until
You bring fresh toner.

With searching comes loss
and the presence of absence:
"My Thesis" not found.

Yesterday it worked
Today it is not working
Software is like that.
[?2004h]0;MINGW64:/c/Users/apoor/TigerOfficeFilesImportant/shell-lesson-data/exercise-data/writing
[32mapoorva@DESKTOP-LO88R84 [35mMINGW64 [33m~/TigerOfficeFilesImportant/shell-lesson-data/exercise-data/writing[36m[0m
$ grep not haiku.txt
[?2004lIs not the true Tao, until
"My Thesis" not found.
Today it is not working
[?2004h]0;MINGW64:/c/Users/apoor/TigerOfficeFilesImportant/shell-lesson-data/exercise-data/writing
[32mapoorva@DESKTOP-LO88R84 [35mMINGW64 [33m~/TigerOfficeFilesImportant/shell-lesson-data/exercise-data/writing[36m[0m
$ grep -w The haiku.txt
[?2004lThe Tao that is seen
[?2004h]0;MINGW64:/c/Users/apoor/TigerOfficeFilesImportant/shell-lesson-data/exercise-data/writing
[32mapoorva@DESKTOP-LO88R84 [35mMINGW64 [33m~/TigerOfficeFilesImportant/shell-lesson-data/exercise-data/writing[36m[0m
$ grep -n the haiku.txt
[?2004l2:Is not the true Tao, until
6:and the presence of absence:
[?2004h]0;MINGW64:/c/Users/apoor/TigerOfficeFilesImportant/shell-lesson-data/exercise-data/writing
[32mapoorva@DESKTOP-LO88R84 [35mMINGW64 [33m~/TigerOfficeFilesImportant/shell-lesson-data/exercise-data/writing[36m[0m
$ grep -n -[K[Kwi te [K[Khe haiku.txt
[?2004l1:The Tao that is seen
2:Is not the true Tao, until
6:and the presence of absence:
[?2004h]0;MINGW64:/c/Users/apoor/TigerOfficeFilesImportant/shell-lesson-data/exercise-data/writing
[32mapoorva@DESKTOP-LO88R84 [35mMINGW64 [33m~/TigerOfficeFilesImportant/shell-lesson-data/exercise-data/writing[36m[0m
$ grep - he[K[K[K-help
[?2004lUsage: grep [OPTION]... PATTERN [FILE]...
Search for PATTERN in each FILE or standard input.
PATTERN is, by default, a basic regular expression (BRE).
Example: grep -i 'hello world' menu.h main.c

Regexp selection and interpretation:
  -E, --extended-regexp     PATTERN is an extended regular expression (ERE)
  -F, --fixed-strings       PATTERN is a set of newline-separated strings
  -G, --basic-regexp        PATTERN is a basic regular expression (BRE)
  -P, --perl-regexp         PATTERN is a Perl regular expression
  -e, --regexp=PATTERN      use PATTERN for matching
  -f, --file=FILE           obtain PATTERN from FILE
  -i, --ignore-case         ignore case distinctions
  -w, --word-regexp         force PATTERN to match only whole words
  -x, --line-regexp         force PATTERN to match only whole lines
  -z, --null-data           a data line ends in 0 byte, not newline

Miscellaneous:
  -s, --no-messages         suppress error messages
  -v, --invert-match        select non-matching lines
  -V, --version             display version information and exit
      --help                display this help text and exit

Output control:
  -m, --max-count=NUM       stop after NUM matches
  -b, --byte-offset         print the byte offset with output lines
  -n, --line-number         print line number with output lines
      --line-buffered       flush output on every line
  -H, --with-filename       print the file name for each match
  -h, --no-filename         suppress the file name prefix on output
      --label=LABEL         use LABEL as the standard input file name prefix
  -o, --only-matching       show only the part of a line matching PATTERN
  -q, --quiet, --silent     suppress all normal output
      --binary-files=TYPE   assume that binary files are TYPE;
                            TYPE is 'binary', 'text', or 'without-match'
  -a, --text                equivalent to --binary-files=text
  -I                        equivalent to --binary-files=without-match
  -d, --directories=ACTION  how to handle directories;
                            ACTION is 'read', 'recurse', or 'skip'
  -D, --devices=ACTION      how to handle devices, FIFOs and sockets;
                            ACTION is 'read' or 'skip'
  -r, --recursive           like --directories=recurse
  -R, --dereference-recursive  likewise, but follow all symlinks
      --include=FILE_PATTERN  search only files that match FILE_PATTERN
      --exclude=FILE_PATTERN  skip files and directories matching FILE_PATTERN
      --exclude-from=FILE   skip files matching any file pattern from FILE
      --exclude-dir=PATTERN  directories that match PATTERN will be skipped.
  -L, --files-without-match  print only names of FILEs containing no match
  -l, --files-with-matches  print only names of FILEs containing matches
  -c, --count               print only a count of matching lines per FILE
  -T, --initial-tab         make tabs line up (if needed)
  -Z, --null                print 0 byte after FILE name

Context control:
  -B, --before-context=NUM  print NUM lines of leading context
  -A, --after-context=NUM   print NUM lines of trailing context
  -C, --context=NUM         print NUM lines of output context
  -NUM                      same as --context=NUM
      --color[=WHEN],
      --colour[=WHEN]       use markers to highlight the matching strings;
                            WHEN is 'always', 'never', or 'auto'
  -U, --binary              do not strip CR characters at EOL (MSDOS/Windows)
  -u, --unix-byte-offsets   report offsets as if CRs were not there
                            (MSDOS/Windows)

'egrep' means 'grep -E'.  'fgrep' means 'grep -F'.
Direct invocation as either 'egrep' or 'fgrep' is deprecated.
When FILE is -, read standard input.  With no FILE, read . if a command-line
-r is given, - otherwise.  If fewer than two FILEs are given, assume -h.
Exit status is 0 if any line is selected, 1 otherwise;
if any error occurs and -q is not given, the exit status is 2.

Report bugs to: bug-grep@gnu.org
GNU grep home page: <https://www.gnu.org/software/grep/>
General help using GNU software: <http://www.gnu.org/gethelp/>
[?2004h]0;MINGW64:/c/Users/apoor/TigerOfficeFilesImportant/shell-lesson-data/exercise-data/writing
[32mapoorva@DESKTOP-LO88R84 [35mMINGW64 [33m~/TigerOfficeFilesImportant/shell-lesson-data/exercise-data/writing[36m[0m
$ find [K . -type d
[?2004l.
./thesis
[?2004h]0;MINGW64:/c/Users/apoor/TigerOfficeFilesImportant/shell-lesson-data/exercise-data/writing
[32mapoorva@DESKTOP-LO88R84 [35mMINGW64 [33m~/TigerOfficeFilesImportant/shell-lesson-data/exercise-data/writing[36m[0m
$ find . -type f
[?2004l./haiku.txt
./LittleWomen.txt
[?2004h]0;MINGW64:/c/Users/apoor/TigerOfficeFilesImportant/shell-lesson-data/exercise-data/writing
[32mapoorva@DESKTOP-LO88R84 [35mMINGW64 [33m~/TigerOfficeFilesImportant/shell-lesson-data/exercise-data/writing[36m[0m
$ cd ..
[?2004l[?2004h]0;MINGW64:/c/Users/apoor/TigerOfficeFilesImportant/shell-lesson-data/exercise-data
[32mapoorva@DESKTOP-LO88R84 [35mMINGW64 [33m~/TigerOfficeFilesImportant/shell-lesson-data/exercise-data[36m[0m
$ ls
[?2004lalkanes/
animal-counts/
creatures/
numbers.txt
project/
project2/
sorted.txt
writing/
[?2004h]0;MINGW64:/c/Users/apoor/TigerOfficeFilesImportant/shell-lesson-data/exercise-data
[32mapoorva@DESKTOP-LO88R84 [35mMINGW64 [33m~/TigerOfficeFilesImportant/shell-lesson-data/exercise-data[36m[0m
$ cd alkanes/
[?2004l[?2004h]0;MINGW64:/c/Users/apoor/TigerOfficeFilesImportant/shell-lesson-data/exercise-data/alkanes
[32mapoorva@DESKTOP-LO88R84 [35mMINGW64 [33m~/TigerOfficeFilesImportant/shell-lesson-data/exercise-data/alkanes[36m[0m
$ wc -l $(find . -name "*.dat") | sort -n
[?2004l
[?2004h]0;MINGW64:/c/Users/apoor/TigerOfficeFilesImportant/shell-lesson-data/exercise-data/alkanes
[32mapoorva@DESKTOP-LO88R84 [35mMINGW64 [33m~/TigerOfficeFilesImportant/shell-lesson-data/exercise-data/alkanes[36m[0m
$ 
[?2004l[?2004h]0;MINGW64:/c/Users/apoor/TigerOfficeFilesImportant/shell-lesson-data/exercise-data/alkanes
[32mapoorva@DESKTOP-LO88R84 [35mMINGW64 [33m~/TigerOfficeFilesImportant/shell-lesson-data/exercise-data/alkanes[36m[0m
$ exec > /dev/tty 2>&1
[?2004l